Archive member included because of file (symbol)

.\CortexM0\ARM_GCC_484\Release\app.a(cyfitter_cfg.o)
                              .\CortexM0\ARM_GCC_484\Release\main.o (AMux_Next)
.\CortexM0\ARM_GCC_484\Release\app.a(Thermistor.o)
                              .\CortexM0\ARM_GCC_484\Release\main.o (Thermistor_GetResistance)
.\CortexM0\ARM_GCC_484\Release\app.a(ADC.o)
                              .\CortexM0\ARM_GCC_484\Release\main.o (ADC_Start)
.\CortexM0\ARM_GCC_484\Release\app.a(ADC_PM.o)
                              .\CortexM0\ARM_GCC_484\Release\main.o (ADC_Sleep)
.\CortexM0\ARM_GCC_484\Release\app.a(ADC_INT.o)
                              .\CortexM0\ARM_GCC_484\Release\app.a(ADC.o) (ADC_ISR)
.\CortexM0\ARM_GCC_484\Release\app.a(EN.o)
                              .\CortexM0\ARM_GCC_484\Release\main.o (EN_Write)
.\CortexM0\ARM_GCC_484\Release\app.a(UART.o)
                              .\CortexM0\ARM_GCC_484\Release\main.o (UART_Start)
.\CortexM0\ARM_GCC_484\Release\app.a(UART_SPI_UART.o)
                              .\CortexM0\ARM_GCC_484\Release\main.o (UART_SpiUartGetRxBufferSize)
.\CortexM0\ARM_GCC_484\Release\app.a(UART_UART.o)
                              .\CortexM0\ARM_GCC_484\Release\app.a(UART.o) (UART_UartInit)
.\CortexM0\ARM_GCC_484\Release\app.a(Opamp.o)
                              .\CortexM0\ARM_GCC_484\Release\main.o (Opamp_Start)
.\CortexM0\ARM_GCC_484\Release\app.a(Opamp_PM.o)
                              .\CortexM0\ARM_GCC_484\Release\main.o (Opamp_Sleep)
.\CortexM0\ARM_GCC_484\Release\app.a(AMux.o)
                              .\CortexM0\ARM_GCC_484\Release\main.o (AMux_Start)
.\CortexM0\ARM_GCC_484\Release\app.a(CyBootAsmGnu.o)
                              .\CortexM0\ARM_GCC_484\Release\app.a(cyfitter_cfg.o) (CyDelayCycles)
.\CortexM0\ARM_GCC_484\Release\app.a(CyLib.o)
                              .\CortexM0\ARM_GCC_484\Release\app.a(ADC.o) (CyIntSetVector)
c:/program files (x86)/cypress/psoc creator/3.1/psoc creator/import/gnu_cs/arm/4.8.4/bin/../lib/gcc/arm-none-eabi/4.8.4/armv6-m\libgcc.a(_thumb1_case_uqi.o)
                              .\CortexM0\ARM_GCC_484\Release\main.o (__gnu_thumb1_case_uqi)
c:/program files (x86)/cypress/psoc creator/3.1/psoc creator/import/gnu_cs/arm/4.8.4/bin/../lib/gcc/arm-none-eabi/4.8.4/armv6-m\libgcc.a(_udivsi3.o)
                              .\CortexM0\ARM_GCC_484\Release\app.a(CyLib.o) (__aeabi_uidiv)
c:/program files (x86)/cypress/psoc creator/3.1/psoc creator/import/gnu_cs/arm/4.8.4/bin/../lib/gcc/arm-none-eabi/4.8.4/armv6-m\libgcc.a(_divsi3.o)
                              .\CortexM0\ARM_GCC_484\Release\main.o (__aeabi_idiv)
c:/program files (x86)/cypress/psoc creator/3.1/psoc creator/import/gnu_cs/arm/4.8.4/bin/../lib/gcc/arm-none-eabi/4.8.4/armv6-m\libgcc.a(_dvmd_tls.o)
                              c:/program files (x86)/cypress/psoc creator/3.1/psoc creator/import/gnu_cs/arm/4.8.4/bin/../lib/gcc/arm-none-eabi/4.8.4/armv6-m\libgcc.a(_udivsi3.o) (__aeabi_idiv0)
c:/program files (x86)/cypress/psoc creator/3.1/psoc creator/import/gnu_cs/arm/4.8.4/bin/../lib/gcc/arm-none-eabi/4.8.4/armv6-m\libgcc.a(_aeabi_ldivmod.o)
                              .\CortexM0\ARM_GCC_484\Release\app.a(ADC.o) (__aeabi_ldivmod)
c:/program files (x86)/cypress/psoc creator/3.1/psoc creator/import/gnu_cs/arm/4.8.4/bin/../lib/gcc/arm-none-eabi/4.8.4/armv6-m\libgcc.a(_muldi3.o)
                              .\CortexM0\ARM_GCC_484\Release\app.a(ADC.o) (__aeabi_lmul)
c:/program files (x86)/cypress/psoc creator/3.1/psoc creator/import/gnu_cs/arm/4.8.4/bin/../lib/gcc/arm-none-eabi/4.8.4/armv6-m\libgcc.a(bpabi.o)
                              c:/program files (x86)/cypress/psoc creator/3.1/psoc creator/import/gnu_cs/arm/4.8.4/bin/../lib/gcc/arm-none-eabi/4.8.4/armv6-m\libgcc.a(_aeabi_ldivmod.o) (__gnu_ldivmod_helper)
c:/program files (x86)/cypress/psoc creator/3.1/psoc creator/import/gnu_cs/arm/4.8.4/bin/../lib/gcc/arm-none-eabi/4.8.4/armv6-m\libgcc.a(divsf3.o)
                              .\CortexM0\ARM_GCC_484\Release\app.a(ADC.o) (__aeabi_fdiv)
c:/program files (x86)/cypress/psoc creator/3.1/psoc creator/import/gnu_cs/arm/4.8.4/bin/../lib/gcc/arm-none-eabi/4.8.4/armv6-m\libgcc.a(mulsf3.o)
                              .\CortexM0\ARM_GCC_484\Release\app.a(ADC.o) (__aeabi_fmul)
c:/program files (x86)/cypress/psoc creator/3.1/psoc creator/import/gnu_cs/arm/4.8.4/bin/../lib/gcc/arm-none-eabi/4.8.4/armv6-m\libgcc.a(floatsisf.o)
                              .\CortexM0\ARM_GCC_484\Release\app.a(ADC.o) (__aeabi_i2f)
c:/program files (x86)/cypress/psoc creator/3.1/psoc creator/import/gnu_cs/arm/4.8.4/bin/../lib/gcc/arm-none-eabi/4.8.4/armv6-m\libgcc.a(_clzsi2.o)
                              c:/program files (x86)/cypress/psoc creator/3.1/psoc creator/import/gnu_cs/arm/4.8.4/bin/../lib/gcc/arm-none-eabi/4.8.4/armv6-m\libgcc.a(divsf3.o) (__clzsi2)
c:/program files (x86)/cypress/psoc creator/3.1/psoc creator/import/gnu_cs/arm/4.8.4/bin/../lib/gcc/arm-none-eabi/4.8.4/armv6-m\libgcc.a(_divdi3.o)
                              c:/program files (x86)/cypress/psoc creator/3.1/psoc creator/import/gnu_cs/arm/4.8.4/bin/../lib/gcc/arm-none-eabi/4.8.4/armv6-m\libgcc.a(bpabi.o) (__divdi3)
c:/program files (x86)/cypress/psoc creator/3.1/psoc creator/import/gnu_cs/arm/4.8.4/bin/../lib/gcc/arm-none-eabi/4.8.4/armv6-m\libgcc.a(_udivdi3.o)
                              c:/program files (x86)/cypress/psoc creator/3.1/psoc creator/import/gnu_cs/arm/4.8.4/bin/../lib/gcc/arm-none-eabi/4.8.4/armv6-m\libgcc.a(bpabi.o) (__udivdi3)
c:/program files (x86)/cypress/psoc creator/3.1/psoc creator/import/gnu_cs/arm/4.8.4/bin/../lib/gcc/arm-none-eabi/4.8.4/../../../../arm-none-eabi/lib/armv6-m\libg_s.a(lib_a-errno.o)
                              .\CortexM0\ARM_GCC_484\Release\Cm0Start.o (__errno)
c:/program files (x86)/cypress/psoc creator/3.1/psoc creator/import/gnu_cs/arm/4.8.4/bin/../lib/gcc/arm-none-eabi/4.8.4/../../../../arm-none-eabi/lib/armv6-m\libg_s.a(lib_a-exit.o)
                              c:/program files (x86)/cypress/psoc creator/3.1/psoc creator/import/gnu_cs/arm/4.8.4/bin/../lib/gcc/arm-none-eabi/4.8.4/../../../../arm-none-eabi/lib/armv6-m/crt0.o (exit)
c:/program files (x86)/cypress/psoc creator/3.1/psoc creator/import/gnu_cs/arm/4.8.4/bin/../lib/gcc/arm-none-eabi/4.8.4/../../../../arm-none-eabi/lib/armv6-m\libg_s.a(lib_a-impure.o)
                              c:/program files (x86)/cypress/psoc creator/3.1/psoc creator/import/gnu_cs/arm/4.8.4/bin/../lib/gcc/arm-none-eabi/4.8.4/../../../../arm-none-eabi/lib/armv6-m\libg_s.a(lib_a-exit.o) (_global_impure_ptr)
c:/program files (x86)/cypress/psoc creator/3.1/psoc creator/import/gnu_cs/arm/4.8.4/bin/../lib/gcc/arm-none-eabi/4.8.4/../../../../arm-none-eabi/lib/armv6-m\libg_s.a(lib_a-init.o)
                              c:/program files (x86)/cypress/psoc creator/3.1/psoc creator/import/gnu_cs/arm/4.8.4/bin/../lib/gcc/arm-none-eabi/4.8.4/../../../../arm-none-eabi/lib/armv6-m/crt0.o (__libc_init_array)
c:/program files (x86)/cypress/psoc creator/3.1/psoc creator/import/gnu_cs/arm/4.8.4/bin/../lib/gcc/arm-none-eabi/4.8.4/../../../../arm-none-eabi/lib/armv6-m\libg_s.a(lib_a-memset.o)
                              c:/program files (x86)/cypress/psoc creator/3.1/psoc creator/import/gnu_cs/arm/4.8.4/bin/../lib/gcc/arm-none-eabi/4.8.4/../../../../arm-none-eabi/lib/armv6-m/crt0.o (memset)

Allocating common symbols
Common symbol       size              file

REF                 0x4               .\CortexM0\ARM_GCC_484\Release\main.o
ADC_countsPer10Volt
                    0x4               .\CortexM0\ARM_GCC_484\Release\app.a(ADC.o)
RH                  0x2               .\CortexM0\ARM_GCC_484\Release\main.o
T                   0x4               .\CortexM0\ARM_GCC_484\Release\main.o
EXT                 0x2               .\CortexM0\ARM_GCC_484\Release\main.o
ADC_offset          0x2               .\CortexM0\ARM_GCC_484\Release\app.a(ADC.o)

Discarded input sections

 .text          0x00000000        0x0 c:/program files (x86)/cypress/psoc creator/3.1/psoc creator/import/gnu_cs/arm/4.8.4/bin/../lib/gcc/arm-none-eabi/4.8.4/armv6-m/crti.o
 .data          0x00000000        0x0 c:/program files (x86)/cypress/psoc creator/3.1/psoc creator/import/gnu_cs/arm/4.8.4/bin/../lib/gcc/arm-none-eabi/4.8.4/armv6-m/crti.o
 .bss           0x00000000        0x0 c:/program files (x86)/cypress/psoc creator/3.1/psoc creator/import/gnu_cs/arm/4.8.4/bin/../lib/gcc/arm-none-eabi/4.8.4/armv6-m/crti.o
 .data          0x00000000        0x4 c:/program files (x86)/cypress/psoc creator/3.1/psoc creator/import/gnu_cs/arm/4.8.4/bin/../lib/gcc/arm-none-eabi/4.8.4/armv6-m/crtbegin.o
 .text          0x00000000       0x78 c:/program files (x86)/cypress/psoc creator/3.1/psoc creator/import/gnu_cs/arm/4.8.4/bin/../lib/gcc/arm-none-eabi/4.8.4/../../../../arm-none-eabi/lib/armv6-m/crt0.o
 .data          0x00000000        0x0 c:/program files (x86)/cypress/psoc creator/3.1/psoc creator/import/gnu_cs/arm/4.8.4/bin/../lib/gcc/arm-none-eabi/4.8.4/../../../../arm-none-eabi/lib/armv6-m/crt0.o
 .bss           0x00000000        0x0 c:/program files (x86)/cypress/psoc creator/3.1/psoc creator/import/gnu_cs/arm/4.8.4/bin/../lib/gcc/arm-none-eabi/4.8.4/../../../../arm-none-eabi/lib/armv6-m/crt0.o
 .ARM.extab     0x00000000        0x0 c:/program files (x86)/cypress/psoc creator/3.1/psoc creator/import/gnu_cs/arm/4.8.4/bin/../lib/gcc/arm-none-eabi/4.8.4/../../../../arm-none-eabi/lib/armv6-m/crt0.o
 .ARM.exidx     0x00000000        0x8 c:/program files (x86)/cypress/psoc creator/3.1/psoc creator/import/gnu_cs/arm/4.8.4/bin/../lib/gcc/arm-none-eabi/4.8.4/../../../../arm-none-eabi/lib/armv6-m/crt0.o
 .text          0x00000000        0x0 .\CortexM0\ARM_GCC_484\Release\main.o
 .data          0x00000000        0x0 .\CortexM0\ARM_GCC_484\Release\main.o
 .bss           0x00000000        0x0 .\CortexM0\ARM_GCC_484\Release\main.o
 .text          0x00000000        0x0 .\CortexM0\ARM_GCC_484\Release\cybootloader.o
 .data          0x00000000        0x0 .\CortexM0\ARM_GCC_484\Release\cybootloader.o
 .bss           0x00000000        0x0 .\CortexM0\ARM_GCC_484\Release\cybootloader.o
 .text          0x00000000        0x0 .\CortexM0\ARM_GCC_484\Release\cymetadata.o
 .data          0x00000000        0x0 .\CortexM0\ARM_GCC_484\Release\cymetadata.o
 .bss           0x00000000        0x0 .\CortexM0\ARM_GCC_484\Release\cymetadata.o
 .text          0x00000000        0x0 .\CortexM0\ARM_GCC_484\Release\Cm0Start.o
 .data          0x00000000        0x4 .\CortexM0\ARM_GCC_484\Release\Cm0Start.o
 .bss           0x00000000        0x0 .\CortexM0\ARM_GCC_484\Release\Cm0Start.o
 .text._exit    0x00000000        0x2 .\CortexM0\ARM_GCC_484\Release\Cm0Start.o
 .text._sbrk    0x00000000       0x30 .\CortexM0\ARM_GCC_484\Release\Cm0Start.o
 .text          0x00000000        0x0 .\CortexM0\ARM_GCC_484\Release\app.a(cyfitter_cfg.o)
 .bss           0x00000000        0x0 .\CortexM0\ARM_GCC_484\Release\app.a(cyfitter_cfg.o)
 .text          0x00000000        0x0 .\CortexM0\ARM_GCC_484\Release\app.a(Thermistor.o)
 .data          0x00000000        0x0 .\CortexM0\ARM_GCC_484\Release\app.a(Thermistor.o)
 .bss           0x00000000        0x0 .\CortexM0\ARM_GCC_484\Release\app.a(Thermistor.o)
 .text          0x00000000        0x0 .\CortexM0\ARM_GCC_484\Release\app.a(ADC.o)
 .data          0x00000000        0x0 .\CortexM0\ARM_GCC_484\Release\app.a(ADC.o)
 .text.ADC_SetChanMask
                0x00000000       0x10 .\CortexM0\ARM_GCC_484\Release\app.a(ADC.o)
 .text.ADC_SetLowLimit
                0x00000000       0x18 .\CortexM0\ARM_GCC_484\Release\app.a(ADC.o)
 .text.ADC_SetHighLimit
                0x00000000       0x18 .\CortexM0\ARM_GCC_484\Release\app.a(ADC.o)
 .text.ADC_SetLimitMask
                0x00000000       0x10 .\CortexM0\ARM_GCC_484\Release\app.a(ADC.o)
 .text.ADC_SetSatMask
                0x00000000       0x10 .\CortexM0\ARM_GCC_484\Release\app.a(ADC.o)
 .text.ADC_SetGain
                0x00000000        0xc .\CortexM0\ARM_GCC_484\Release\app.a(ADC.o)
 .text.ADC_CountsTo_mVolts
                0x00000000       0x44 .\CortexM0\ARM_GCC_484\Release\app.a(ADC.o)
 .text.ADC_CountsTo_uVolts
                0x00000000       0x38 .\CortexM0\ARM_GCC_484\Release\app.a(ADC.o)
 .text.ADC_CountsTo_Volts
                0x00000000       0x3c .\CortexM0\ARM_GCC_484\Release\app.a(ADC.o)
 .text          0x00000000        0x0 .\CortexM0\ARM_GCC_484\Release\app.a(ADC_PM.o)
 .data          0x00000000        0x0 .\CortexM0\ARM_GCC_484\Release\app.a(ADC_PM.o)
 .text.ADC_SaveConfig
                0x00000000        0x2 .\CortexM0\ARM_GCC_484\Release\app.a(ADC_PM.o)
 .text.ADC_RestoreConfig
                0x00000000        0x2 .\CortexM0\ARM_GCC_484\Release\app.a(ADC_PM.o)
 .text          0x00000000        0x0 .\CortexM0\ARM_GCC_484\Release\app.a(ADC_INT.o)
 .data          0x00000000        0x0 .\CortexM0\ARM_GCC_484\Release\app.a(ADC_INT.o)
 .bss           0x00000000        0x0 .\CortexM0\ARM_GCC_484\Release\app.a(ADC_INT.o)
 .text          0x00000000        0x0 .\CortexM0\ARM_GCC_484\Release\app.a(EN.o)
 .data          0x00000000        0x0 .\CortexM0\ARM_GCC_484\Release\app.a(EN.o)
 .bss           0x00000000        0x0 .\CortexM0\ARM_GCC_484\Release\app.a(EN.o)
 .text.EN_SetDriveMode
                0x00000000       0x1c .\CortexM0\ARM_GCC_484\Release\app.a(EN.o)
 .text.EN_Read  0x00000000       0x10 .\CortexM0\ARM_GCC_484\Release\app.a(EN.o)
 .text.EN_ReadDataReg
                0x00000000       0x10 .\CortexM0\ARM_GCC_484\Release\app.a(EN.o)
 .text.EN_ClearInterrupt
                0x00000000       0x14 .\CortexM0\ARM_GCC_484\Release\app.a(EN.o)
 .text          0x00000000        0x0 .\CortexM0\ARM_GCC_484\Release\app.a(UART.o)
 .data          0x00000000        0x0 .\CortexM0\ARM_GCC_484\Release\app.a(UART.o)
 .text.UART_Init
                0x00000000        0x8 .\CortexM0\ARM_GCC_484\Release\app.a(UART.o)
 .text.UART_Stop
                0x00000000       0x10 .\CortexM0\ARM_GCC_484\Release\app.a(UART.o)
 .text.UART_SetRxFifoLevel
                0x00000000       0x14 .\CortexM0\ARM_GCC_484\Release\app.a(UART.o)
 .text.UART_SetTxFifoLevel
                0x00000000       0x14 .\CortexM0\ARM_GCC_484\Release\app.a(UART.o)
 .text.UART_SetCustomInterruptHandler
                0x00000000        0xc .\CortexM0\ARM_GCC_484\Release\app.a(UART.o)
 .text.UART_I2CSlaveNackGeneration
                0x00000000       0x3c .\CortexM0\ARM_GCC_484\Release\app.a(UART.o)
 .text          0x00000000        0x0 .\CortexM0\ARM_GCC_484\Release\app.a(UART_SPI_UART.o)
 .data          0x00000000        0x0 .\CortexM0\ARM_GCC_484\Release\app.a(UART_SPI_UART.o)
 .bss           0x00000000        0x0 .\CortexM0\ARM_GCC_484\Release\app.a(UART_SPI_UART.o)
 .text.UART_SpiUartPutArray
                0x00000000       0x16 .\CortexM0\ARM_GCC_484\Release\app.a(UART_SPI_UART.o)
 .text.UART_SpiUartGetTxBufferSize
                0x00000000       0x10 .\CortexM0\ARM_GCC_484\Release\app.a(UART_SPI_UART.o)
 .text.UART_SpiUartClearTxBuffer
                0x00000000       0x20 .\CortexM0\ARM_GCC_484\Release\app.a(UART_SPI_UART.o)
 .text.UART_SpiUartDisableIntTx
                0x00000000       0x10 .\CortexM0\ARM_GCC_484\Release\app.a(UART_SPI_UART.o)
 .text          0x00000000        0x0 .\CortexM0\ARM_GCC_484\Release\app.a(UART_UART.o)
 .data          0x00000000        0x0 .\CortexM0\ARM_GCC_484\Release\app.a(UART_UART.o)
 .bss           0x00000000        0x0 .\CortexM0\ARM_GCC_484\Release\app.a(UART_UART.o)
 .text.UART_UartSetRxAddress
                0x00000000       0x14 .\CortexM0\ARM_GCC_484\Release\app.a(UART_UART.o)
 .text.UART_UartSetRxAddressMask
                0x00000000       0x18 .\CortexM0\ARM_GCC_484\Release\app.a(UART_UART.o)
 .text.UART_UartGetChar
                0x00000000       0x28 .\CortexM0\ARM_GCC_484\Release\app.a(UART_UART.o)
 .text.UART_UartPutString
                0x00000000       0x16 .\CortexM0\ARM_GCC_484\Release\app.a(UART_UART.o)
 .text.UART_UartPutCRLF
                0x00000000       0x14 .\CortexM0\ARM_GCC_484\Release\app.a(UART_UART.o)
 .text          0x00000000        0x0 .\CortexM0\ARM_GCC_484\Release\app.a(Opamp.o)
 .data          0x00000000        0x0 .\CortexM0\ARM_GCC_484\Release\app.a(Opamp.o)
 .text.Opamp_SetPower
                0x00000000       0x1c .\CortexM0\ARM_GCC_484\Release\app.a(Opamp.o)
 .text.Opamp_PumpControl
                0x00000000       0x20 .\CortexM0\ARM_GCC_484\Release\app.a(Opamp.o)
 .text          0x00000000        0x0 .\CortexM0\ARM_GCC_484\Release\app.a(Opamp_PM.o)
 .data          0x00000000        0x0 .\CortexM0\ARM_GCC_484\Release\app.a(Opamp_PM.o)
 .text.Opamp_SaveConfig
                0x00000000        0x2 .\CortexM0\ARM_GCC_484\Release\app.a(Opamp_PM.o)
 .text.Opamp_RestoreConfig
                0x00000000        0x2 .\CortexM0\ARM_GCC_484\Release\app.a(Opamp_PM.o)
 .text          0x00000000        0x0 .\CortexM0\ARM_GCC_484\Release\app.a(AMux.o)
 .data          0x00000000        0x0 .\CortexM0\ARM_GCC_484\Release\app.a(AMux.o)
 .text.AMux_Init
                0x00000000        0x8 .\CortexM0\ARM_GCC_484\Release\app.a(AMux.o)
 .text.AMux_GetChannel
                0x00000000        0xc .\CortexM0\ARM_GCC_484\Release\app.a(AMux.o)
 .data          0x00000000        0x0 .\CortexM0\ARM_GCC_484\Release\app.a(CyBootAsmGnu.o)
 .bss           0x00000000        0x0 .\CortexM0\ARM_GCC_484\Release\app.a(CyBootAsmGnu.o)
 .text          0x00000000        0x0 .\CortexM0\ARM_GCC_484\Release\app.a(CyLib.o)
 .bss           0x00000000       0x24 .\CortexM0\ARM_GCC_484\Release\app.a(CyLib.o)
 .text.CySysClkImoStart
                0x00000000       0x14 .\CortexM0\ARM_GCC_484\Release\app.a(CyLib.o)
 .text.CySysClkImoStop
                0x00000000       0x10 .\CortexM0\ARM_GCC_484\Release\app.a(CyLib.o)
 .text.CySysClkIloStart
                0x00000000       0x14 .\CortexM0\ARM_GCC_484\Release\app.a(CyLib.o)
 .text.CySysClkWriteHfclkDirect
                0x00000000       0x24 .\CortexM0\ARM_GCC_484\Release\app.a(CyLib.o)
 .text.CySysClkWriteSysclkDiv
                0x00000000       0x2c .\CortexM0\ARM_GCC_484\Release\app.a(CyLib.o)
 .text.CySysWdtLock
                0x00000000       0x1c .\CortexM0\ARM_GCC_484\Release\app.a(CyLib.o)
 .text.CySysWdtUnlock
                0x00000000       0x30 .\CortexM0\ARM_GCC_484\Release\app.a(CyLib.o)
 .text.CySysWdtReadEnabledStatus
                0x00000000       0x18 .\CortexM0\ARM_GCC_484\Release\app.a(CyLib.o)
 .text.CySysWdtWriteMode
                0x00000000       0x2c .\CortexM0\ARM_GCC_484\Release\app.a(CyLib.o)
 .text.CySysWdtReadMode
                0x00000000       0x14 .\CortexM0\ARM_GCC_484\Release\app.a(CyLib.o)
 .text.CySysWdtWriteClearOnMatch
                0x00000000       0x2c .\CortexM0\ARM_GCC_484\Release\app.a(CyLib.o)
 .text.CySysWdtReadClearOnMatch
                0x00000000       0x18 .\CortexM0\ARM_GCC_484\Release\app.a(CyLib.o)
 .text.CySysWdtEnable
                0x00000000       0x34 .\CortexM0\ARM_GCC_484\Release\app.a(CyLib.o)
 .text.CySysWdtDisable
                0x00000000       0x2c .\CortexM0\ARM_GCC_484\Release\app.a(CyLib.o)
 .text.CySysWdtWriteCascade
                0x00000000       0x34 .\CortexM0\ARM_GCC_484\Release\app.a(CyLib.o)
 .text.CySysWdtReadCascade
                0x00000000       0x14 .\CortexM0\ARM_GCC_484\Release\app.a(CyLib.o)
 .text.CySysWdtWriteToggleBit
                0x00000000       0x28 .\CortexM0\ARM_GCC_484\Release\app.a(CyLib.o)
 .text.CySysWdtReadToggleBit
                0x00000000       0x10 .\CortexM0\ARM_GCC_484\Release\app.a(CyLib.o)
 .text.CySysWdtReadMatch
                0x00000000       0x10 .\CortexM0\ARM_GCC_484\Release\app.a(CyLib.o)
 .text.CySysWdtReadCount
                0x00000000       0x30 .\CortexM0\ARM_GCC_484\Release\app.a(CyLib.o)
 .text.CySysClkIloStop
                0x00000000       0xb4 .\CortexM0\ARM_GCC_484\Release\app.a(CyLib.o)
 .text.CySysWdtGetInterruptSource
                0x00000000       0x14 .\CortexM0\ARM_GCC_484\Release\app.a(CyLib.o)
 .text.CySysWdtClearInterrupt
                0x00000000       0x50 .\CortexM0\ARM_GCC_484\Release\app.a(CyLib.o)
 .text.CySysWdtResetCounters
                0x00000000       0x18 .\CortexM0\ARM_GCC_484\Release\app.a(CyLib.o)
 .text.CySysLvdEnable
                0x00000000       0x2c .\CortexM0\ARM_GCC_484\Release\app.a(CyLib.o)
 .text.CySysLvdDisable
                0x00000000       0x20 .\CortexM0\ARM_GCC_484\Release\app.a(CyLib.o)
 .text.CySysLvdGetInterruptSource
                0x00000000       0x10 .\CortexM0\ARM_GCC_484\Release\app.a(CyLib.o)
 .text.CySysLvdClearInterrupt
                0x00000000        0xc .\CortexM0\ARM_GCC_484\Release\app.a(CyLib.o)
 .text.CySysGetResetReason
                0x00000000       0x14 .\CortexM0\ARM_GCC_484\Release\app.a(CyLib.o)
 .text.CyDisableInts
                0x00000000       0x10 .\CortexM0\ARM_GCC_484\Release\app.a(CyLib.o)
 .text.CyEnableInts
                0x00000000        0xc .\CortexM0\ARM_GCC_484\Release\app.a(CyLib.o)
 .text.CyIntSetSysVector
                0x00000000        0xe .\CortexM0\ARM_GCC_484\Release\app.a(CyLib.o)
 .text.CyIntGetSysVector
                0x00000000        0xc .\CortexM0\ARM_GCC_484\Release\app.a(CyLib.o)
 .text.CyIntGetVector
                0x00000000       0x10 .\CortexM0\ARM_GCC_484\Release\app.a(CyLib.o)
 .text.CyIntGetPriority
                0x00000000       0x20 .\CortexM0\ARM_GCC_484\Release\app.a(CyLib.o)
 .text.CyIntEnable
                0x00000000       0x14 .\CortexM0\ARM_GCC_484\Release\app.a(CyLib.o)
 .text.CyIntGetState
                0x00000000       0x18 .\CortexM0\ARM_GCC_484\Release\app.a(CyLib.o)
 .text.CyIntDisable
                0x00000000       0x14 .\CortexM0\ARM_GCC_484\Release\app.a(CyLib.o)
 .text.CyIntSetPending
                0x00000000       0x14 .\CortexM0\ARM_GCC_484\Release\app.a(CyLib.o)
 .text.CyIntClearPending
                0x00000000       0x14 .\CortexM0\ARM_GCC_484\Release\app.a(CyLib.o)
 .text.CyHalt   0x00000000        0x4 .\CortexM0\ARM_GCC_484\Release\app.a(CyLib.o)
 .text.CySoftwareReset
                0x00000000       0x18 .\CortexM0\ARM_GCC_484\Release\app.a(CyLib.o)
 .text.CySysClkWriteImoFreq
                0x00000000      0x120 .\CortexM0\ARM_GCC_484\Release\app.a(CyLib.o)
 .text.CySysWdtWriteMatch
                0x00000000       0x30 .\CortexM0\ARM_GCC_484\Release\app.a(CyLib.o)
 .text.CyDelayFreq
                0x00000000       0x48 .\CortexM0\ARM_GCC_484\Release\app.a(CyLib.o)
 .text.CySysTickInit
                0x00000000       0x50 .\CortexM0\ARM_GCC_484\Release\app.a(CyLib.o)
 .text.CySysTickStop
                0x00000000       0x10 .\CortexM0\ARM_GCC_484\Release\app.a(CyLib.o)
 .text.CySysTickEnableInterrupt
                0x00000000       0x10 .\CortexM0\ARM_GCC_484\Release\app.a(CyLib.o)
 .text.CySysTickEnable
                0x00000000       0x18 .\CortexM0\ARM_GCC_484\Release\app.a(CyLib.o)
 .text.CySysTickStart
                0x00000000       0x1c .\CortexM0\ARM_GCC_484\Release\app.a(CyLib.o)
 .text.CySysTickDisableInterrupt
                0x00000000       0x10 .\CortexM0\ARM_GCC_484\Release\app.a(CyLib.o)
 .text.CySysTickSetReload
                0x00000000       0x10 .\CortexM0\ARM_GCC_484\Release\app.a(CyLib.o)
 .text.CySysTickGetReload
                0x00000000       0x10 .\CortexM0\ARM_GCC_484\Release\app.a(CyLib.o)
 .text.CySysTickGetValue
                0x00000000       0x14 .\CortexM0\ARM_GCC_484\Release\app.a(CyLib.o)
 .text.CySysTickGetCountFlag
                0x00000000       0x10 .\CortexM0\ARM_GCC_484\Release\app.a(CyLib.o)
 .text.CySysTickServiceCallbacks
                0x00000000       0x24 .\CortexM0\ARM_GCC_484\Release\app.a(CyLib.o)
 .text.CySysTickClear
                0x00000000        0xc .\CortexM0\ARM_GCC_484\Release\app.a(CyLib.o)
 .text.CySysTickSetCallback
                0x00000000       0x10 .\CortexM0\ARM_GCC_484\Release\app.a(CyLib.o)
 .text.CySysTickGetCallback
                0x00000000       0x10 .\CortexM0\ARM_GCC_484\Release\app.a(CyLib.o)
 .rodata        0x00000000       0x2e .\CortexM0\ARM_GCC_484\Release\app.a(CyLib.o)
 .data          0x00000000        0x0 c:/program files (x86)/cypress/psoc creator/3.1/psoc creator/import/gnu_cs/arm/4.8.4/bin/../lib/gcc/arm-none-eabi/4.8.4/armv6-m\libgcc.a(_thumb1_case_uqi.o)
 .bss           0x00000000        0x0 c:/program files (x86)/cypress/psoc creator/3.1/psoc creator/import/gnu_cs/arm/4.8.4/bin/../lib/gcc/arm-none-eabi/4.8.4/armv6-m\libgcc.a(_thumb1_case_uqi.o)
 .text          0x00000000       0x9c c:/program files (x86)/cypress/psoc creator/3.1/psoc creator/import/gnu_cs/arm/4.8.4/bin/../lib/gcc/arm-none-eabi/4.8.4/armv6-m\libgcc.a(_udivsi3.o)
 .data          0x00000000        0x0 c:/program files (x86)/cypress/psoc creator/3.1/psoc creator/import/gnu_cs/arm/4.8.4/bin/../lib/gcc/arm-none-eabi/4.8.4/armv6-m\libgcc.a(_udivsi3.o)
 .bss           0x00000000        0x0 c:/program files (x86)/cypress/psoc creator/3.1/psoc creator/import/gnu_cs/arm/4.8.4/bin/../lib/gcc/arm-none-eabi/4.8.4/armv6-m\libgcc.a(_udivsi3.o)
 .data          0x00000000        0x0 c:/program files (x86)/cypress/psoc creator/3.1/psoc creator/import/gnu_cs/arm/4.8.4/bin/../lib/gcc/arm-none-eabi/4.8.4/armv6-m\libgcc.a(_divsi3.o)
 .bss           0x00000000        0x0 c:/program files (x86)/cypress/psoc creator/3.1/psoc creator/import/gnu_cs/arm/4.8.4/bin/../lib/gcc/arm-none-eabi/4.8.4/armv6-m\libgcc.a(_divsi3.o)
 .data          0x00000000        0x0 c:/program files (x86)/cypress/psoc creator/3.1/psoc creator/import/gnu_cs/arm/4.8.4/bin/../lib/gcc/arm-none-eabi/4.8.4/armv6-m\libgcc.a(_dvmd_tls.o)
 .bss           0x00000000        0x0 c:/program files (x86)/cypress/psoc creator/3.1/psoc creator/import/gnu_cs/arm/4.8.4/bin/../lib/gcc/arm-none-eabi/4.8.4/armv6-m\libgcc.a(_dvmd_tls.o)
 .text          0x00000000       0x48 c:/program files (x86)/cypress/psoc creator/3.1/psoc creator/import/gnu_cs/arm/4.8.4/bin/../lib/gcc/arm-none-eabi/4.8.4/armv6-m\libgcc.a(_aeabi_ldivmod.o)
 .data          0x00000000        0x0 c:/program files (x86)/cypress/psoc creator/3.1/psoc creator/import/gnu_cs/arm/4.8.4/bin/../lib/gcc/arm-none-eabi/4.8.4/armv6-m\libgcc.a(_aeabi_ldivmod.o)
 .bss           0x00000000        0x0 c:/program files (x86)/cypress/psoc creator/3.1/psoc creator/import/gnu_cs/arm/4.8.4/bin/../lib/gcc/arm-none-eabi/4.8.4/armv6-m\libgcc.a(_aeabi_ldivmod.o)
 .text          0x00000000       0x44 c:/program files (x86)/cypress/psoc creator/3.1/psoc creator/import/gnu_cs/arm/4.8.4/bin/../lib/gcc/arm-none-eabi/4.8.4/armv6-m\libgcc.a(_muldi3.o)
 .data          0x00000000        0x0 c:/program files (x86)/cypress/psoc creator/3.1/psoc creator/import/gnu_cs/arm/4.8.4/bin/../lib/gcc/arm-none-eabi/4.8.4/armv6-m\libgcc.a(_muldi3.o)
 .bss           0x00000000        0x0 c:/program files (x86)/cypress/psoc creator/3.1/psoc creator/import/gnu_cs/arm/4.8.4/bin/../lib/gcc/arm-none-eabi/4.8.4/armv6-m\libgcc.a(_muldi3.o)
 .text          0x00000000       0x6c c:/program files (x86)/cypress/psoc creator/3.1/psoc creator/import/gnu_cs/arm/4.8.4/bin/../lib/gcc/arm-none-eabi/4.8.4/armv6-m\libgcc.a(bpabi.o)
 .data          0x00000000        0x0 c:/program files (x86)/cypress/psoc creator/3.1/psoc creator/import/gnu_cs/arm/4.8.4/bin/../lib/gcc/arm-none-eabi/4.8.4/armv6-m\libgcc.a(bpabi.o)
 .bss           0x00000000        0x0 c:/program files (x86)/cypress/psoc creator/3.1/psoc creator/import/gnu_cs/arm/4.8.4/bin/../lib/gcc/arm-none-eabi/4.8.4/armv6-m\libgcc.a(bpabi.o)
 .text          0x00000000      0x24c c:/program files (x86)/cypress/psoc creator/3.1/psoc creator/import/gnu_cs/arm/4.8.4/bin/../lib/gcc/arm-none-eabi/4.8.4/armv6-m\libgcc.a(divsf3.o)
 .data          0x00000000        0x0 c:/program files (x86)/cypress/psoc creator/3.1/psoc creator/import/gnu_cs/arm/4.8.4/bin/../lib/gcc/arm-none-eabi/4.8.4/armv6-m\libgcc.a(divsf3.o)
 .bss           0x00000000        0x0 c:/program files (x86)/cypress/psoc creator/3.1/psoc creator/import/gnu_cs/arm/4.8.4/bin/../lib/gcc/arm-none-eabi/4.8.4/armv6-m\libgcc.a(divsf3.o)
 .rodata        0x00000000       0x40 c:/program files (x86)/cypress/psoc creator/3.1/psoc creator/import/gnu_cs/arm/4.8.4/bin/../lib/gcc/arm-none-eabi/4.8.4/armv6-m\libgcc.a(divsf3.o)
 .text          0x00000000      0x254 c:/program files (x86)/cypress/psoc creator/3.1/psoc creator/import/gnu_cs/arm/4.8.4/bin/../lib/gcc/arm-none-eabi/4.8.4/armv6-m\libgcc.a(mulsf3.o)
 .data          0x00000000        0x0 c:/program files (x86)/cypress/psoc creator/3.1/psoc creator/import/gnu_cs/arm/4.8.4/bin/../lib/gcc/arm-none-eabi/4.8.4/armv6-m\libgcc.a(mulsf3.o)
 .bss           0x00000000        0x0 c:/program files (x86)/cypress/psoc creator/3.1/psoc creator/import/gnu_cs/arm/4.8.4/bin/../lib/gcc/arm-none-eabi/4.8.4/armv6-m\libgcc.a(mulsf3.o)
 .rodata        0x00000000       0x40 c:/program files (x86)/cypress/psoc creator/3.1/psoc creator/import/gnu_cs/arm/4.8.4/bin/../lib/gcc/arm-none-eabi/4.8.4/armv6-m\libgcc.a(mulsf3.o)
 .text          0x00000000       0xb8 c:/program files (x86)/cypress/psoc creator/3.1/psoc creator/import/gnu_cs/arm/4.8.4/bin/../lib/gcc/arm-none-eabi/4.8.4/armv6-m\libgcc.a(floatsisf.o)
 .data          0x00000000        0x0 c:/program files (x86)/cypress/psoc creator/3.1/psoc creator/import/gnu_cs/arm/4.8.4/bin/../lib/gcc/arm-none-eabi/4.8.4/armv6-m\libgcc.a(floatsisf.o)
 .bss           0x00000000        0x0 c:/program files (x86)/cypress/psoc creator/3.1/psoc creator/import/gnu_cs/arm/4.8.4/bin/../lib/gcc/arm-none-eabi/4.8.4/armv6-m\libgcc.a(floatsisf.o)
 .text          0x00000000       0x3c c:/program files (x86)/cypress/psoc creator/3.1/psoc creator/import/gnu_cs/arm/4.8.4/bin/../lib/gcc/arm-none-eabi/4.8.4/armv6-m\libgcc.a(_clzsi2.o)
 .data          0x00000000        0x0 c:/program files (x86)/cypress/psoc creator/3.1/psoc creator/import/gnu_cs/arm/4.8.4/bin/../lib/gcc/arm-none-eabi/4.8.4/armv6-m\libgcc.a(_clzsi2.o)
 .bss           0x00000000        0x0 c:/program files (x86)/cypress/psoc creator/3.1/psoc creator/import/gnu_cs/arm/4.8.4/bin/../lib/gcc/arm-none-eabi/4.8.4/armv6-m\libgcc.a(_clzsi2.o)
 .text          0x00000000      0x3b8 c:/program files (x86)/cypress/psoc creator/3.1/psoc creator/import/gnu_cs/arm/4.8.4/bin/../lib/gcc/arm-none-eabi/4.8.4/armv6-m\libgcc.a(_divdi3.o)
 .data          0x00000000        0x0 c:/program files (x86)/cypress/psoc creator/3.1/psoc creator/import/gnu_cs/arm/4.8.4/bin/../lib/gcc/arm-none-eabi/4.8.4/armv6-m\libgcc.a(_divdi3.o)
 .bss           0x00000000        0x0 c:/program files (x86)/cypress/psoc creator/3.1/psoc creator/import/gnu_cs/arm/4.8.4/bin/../lib/gcc/arm-none-eabi/4.8.4/armv6-m\libgcc.a(_divdi3.o)
 .ARM.extab     0x00000000        0x0 c:/program files (x86)/cypress/psoc creator/3.1/psoc creator/import/gnu_cs/arm/4.8.4/bin/../lib/gcc/arm-none-eabi/4.8.4/armv6-m\libgcc.a(_divdi3.o)
 .ARM.exidx     0x00000000        0x8 c:/program files (x86)/cypress/psoc creator/3.1/psoc creator/import/gnu_cs/arm/4.8.4/bin/../lib/gcc/arm-none-eabi/4.8.4/armv6-m\libgcc.a(_divdi3.o)
 .text          0x00000000      0x384 c:/program files (x86)/cypress/psoc creator/3.1/psoc creator/import/gnu_cs/arm/4.8.4/bin/../lib/gcc/arm-none-eabi/4.8.4/armv6-m\libgcc.a(_udivdi3.o)
 .data          0x00000000        0x0 c:/program files (x86)/cypress/psoc creator/3.1/psoc creator/import/gnu_cs/arm/4.8.4/bin/../lib/gcc/arm-none-eabi/4.8.4/armv6-m\libgcc.a(_udivdi3.o)
 .bss           0x00000000        0x0 c:/program files (x86)/cypress/psoc creator/3.1/psoc creator/import/gnu_cs/arm/4.8.4/bin/../lib/gcc/arm-none-eabi/4.8.4/armv6-m\libgcc.a(_udivdi3.o)
 .ARM.extab     0x00000000        0x0 c:/program files (x86)/cypress/psoc creator/3.1/psoc creator/import/gnu_cs/arm/4.8.4/bin/../lib/gcc/arm-none-eabi/4.8.4/armv6-m\libgcc.a(_udivdi3.o)
 .ARM.exidx     0x00000000        0x8 c:/program files (x86)/cypress/psoc creator/3.1/psoc creator/import/gnu_cs/arm/4.8.4/bin/../lib/gcc/arm-none-eabi/4.8.4/armv6-m\libgcc.a(_udivdi3.o)
 .text          0x00000000        0x0 c:/program files (x86)/cypress/psoc creator/3.1/psoc creator/import/gnu_cs/arm/4.8.4/bin/../lib/gcc/arm-none-eabi/4.8.4/../../../../arm-none-eabi/lib/armv6-m\libg_s.a(lib_a-errno.o)
 .data          0x00000000        0x0 c:/program files (x86)/cypress/psoc creator/3.1/psoc creator/import/gnu_cs/arm/4.8.4/bin/../lib/gcc/arm-none-eabi/4.8.4/../../../../arm-none-eabi/lib/armv6-m\libg_s.a(lib_a-errno.o)
 .bss           0x00000000        0x0 c:/program files (x86)/cypress/psoc creator/3.1/psoc creator/import/gnu_cs/arm/4.8.4/bin/../lib/gcc/arm-none-eabi/4.8.4/../../../../arm-none-eabi/lib/armv6-m\libg_s.a(lib_a-errno.o)
 .text.__errno  0x00000000        0xc c:/program files (x86)/cypress/psoc creator/3.1/psoc creator/import/gnu_cs/arm/4.8.4/bin/../lib/gcc/arm-none-eabi/4.8.4/../../../../arm-none-eabi/lib/armv6-m\libg_s.a(lib_a-errno.o)
 .text          0x00000000        0x0 c:/program files (x86)/cypress/psoc creator/3.1/psoc creator/import/gnu_cs/arm/4.8.4/bin/../lib/gcc/arm-none-eabi/4.8.4/../../../../arm-none-eabi/lib/armv6-m\libg_s.a(lib_a-exit.o)
 .data          0x00000000        0x0 c:/program files (x86)/cypress/psoc creator/3.1/psoc creator/import/gnu_cs/arm/4.8.4/bin/../lib/gcc/arm-none-eabi/4.8.4/../../../../arm-none-eabi/lib/armv6-m\libg_s.a(lib_a-exit.o)
 .bss           0x00000000        0x0 c:/program files (x86)/cypress/psoc creator/3.1/psoc creator/import/gnu_cs/arm/4.8.4/bin/../lib/gcc/arm-none-eabi/4.8.4/../../../../arm-none-eabi/lib/armv6-m\libg_s.a(lib_a-exit.o)
 .text.exit     0x00000000       0x2c c:/program files (x86)/cypress/psoc creator/3.1/psoc creator/import/gnu_cs/arm/4.8.4/bin/../lib/gcc/arm-none-eabi/4.8.4/../../../../arm-none-eabi/lib/armv6-m\libg_s.a(lib_a-exit.o)
 .text          0x00000000        0x0 c:/program files (x86)/cypress/psoc creator/3.1/psoc creator/import/gnu_cs/arm/4.8.4/bin/../lib/gcc/arm-none-eabi/4.8.4/../../../../arm-none-eabi/lib/armv6-m\libg_s.a(lib_a-impure.o)
 .data          0x00000000        0x0 c:/program files (x86)/cypress/psoc creator/3.1/psoc creator/import/gnu_cs/arm/4.8.4/bin/../lib/gcc/arm-none-eabi/4.8.4/../../../../arm-none-eabi/lib/armv6-m\libg_s.a(lib_a-impure.o)
 .bss           0x00000000        0x0 c:/program files (x86)/cypress/psoc creator/3.1/psoc creator/import/gnu_cs/arm/4.8.4/bin/../lib/gcc/arm-none-eabi/4.8.4/../../../../arm-none-eabi/lib/armv6-m\libg_s.a(lib_a-impure.o)
 .data.impure_data
                0x00000000       0x60 c:/program files (x86)/cypress/psoc creator/3.1/psoc creator/import/gnu_cs/arm/4.8.4/bin/../lib/gcc/arm-none-eabi/4.8.4/../../../../arm-none-eabi/lib/armv6-m\libg_s.a(lib_a-impure.o)
 .data._impure_ptr
                0x00000000        0x4 c:/program files (x86)/cypress/psoc creator/3.1/psoc creator/import/gnu_cs/arm/4.8.4/bin/../lib/gcc/arm-none-eabi/4.8.4/../../../../arm-none-eabi/lib/armv6-m\libg_s.a(lib_a-impure.o)
 .rodata.str1.1
                0x00000000        0x2 c:/program files (x86)/cypress/psoc creator/3.1/psoc creator/import/gnu_cs/arm/4.8.4/bin/../lib/gcc/arm-none-eabi/4.8.4/../../../../arm-none-eabi/lib/armv6-m\libg_s.a(lib_a-impure.o)
 .rodata._global_impure_ptr
                0x00000000        0x4 c:/program files (x86)/cypress/psoc creator/3.1/psoc creator/import/gnu_cs/arm/4.8.4/bin/../lib/gcc/arm-none-eabi/4.8.4/../../../../arm-none-eabi/lib/armv6-m\libg_s.a(lib_a-impure.o)
 .text          0x00000000        0x0 c:/program files (x86)/cypress/psoc creator/3.1/psoc creator/import/gnu_cs/arm/4.8.4/bin/../lib/gcc/arm-none-eabi/4.8.4/../../../../arm-none-eabi/lib/armv6-m\libg_s.a(lib_a-init.o)
 .data          0x00000000        0x0 c:/program files (x86)/cypress/psoc creator/3.1/psoc creator/import/gnu_cs/arm/4.8.4/bin/../lib/gcc/arm-none-eabi/4.8.4/../../../../arm-none-eabi/lib/armv6-m\libg_s.a(lib_a-init.o)
 .bss           0x00000000        0x0 c:/program files (x86)/cypress/psoc creator/3.1/psoc creator/import/gnu_cs/arm/4.8.4/bin/../lib/gcc/arm-none-eabi/4.8.4/../../../../arm-none-eabi/lib/armv6-m\libg_s.a(lib_a-init.o)
 .text          0x00000000        0x0 c:/program files (x86)/cypress/psoc creator/3.1/psoc creator/import/gnu_cs/arm/4.8.4/bin/../lib/gcc/arm-none-eabi/4.8.4/../../../../arm-none-eabi/lib/armv6-m\libg_s.a(lib_a-memset.o)
 .data          0x00000000        0x0 c:/program files (x86)/cypress/psoc creator/3.1/psoc creator/import/gnu_cs/arm/4.8.4/bin/../lib/gcc/arm-none-eabi/4.8.4/../../../../arm-none-eabi/lib/armv6-m\libg_s.a(lib_a-memset.o)
 .bss           0x00000000        0x0 c:/program files (x86)/cypress/psoc creator/3.1/psoc creator/import/gnu_cs/arm/4.8.4/bin/../lib/gcc/arm-none-eabi/4.8.4/../../../../arm-none-eabi/lib/armv6-m\libg_s.a(lib_a-memset.o)
 .text          0x00000000        0x0 c:/program files (x86)/cypress/psoc creator/3.1/psoc creator/import/gnu_cs/arm/4.8.4/bin/../lib/gcc/arm-none-eabi/4.8.4/armv6-m/crtend.o
 .data          0x00000000        0x0 c:/program files (x86)/cypress/psoc creator/3.1/psoc creator/import/gnu_cs/arm/4.8.4/bin/../lib/gcc/arm-none-eabi/4.8.4/armv6-m/crtend.o
 .bss           0x00000000        0x0 c:/program files (x86)/cypress/psoc creator/3.1/psoc creator/import/gnu_cs/arm/4.8.4/bin/../lib/gcc/arm-none-eabi/4.8.4/armv6-m/crtend.o
 .text          0x00000000        0x0 c:/program files (x86)/cypress/psoc creator/3.1/psoc creator/import/gnu_cs/arm/4.8.4/bin/../lib/gcc/arm-none-eabi/4.8.4/armv6-m/crtn.o
 .data          0x00000000        0x0 c:/program files (x86)/cypress/psoc creator/3.1/psoc creator/import/gnu_cs/arm/4.8.4/bin/../lib/gcc/arm-none-eabi/4.8.4/armv6-m/crtn.o
 .bss           0x00000000        0x0 c:/program files (x86)/cypress/psoc creator/3.1/psoc creator/import/gnu_cs/arm/4.8.4/bin/../lib/gcc/arm-none-eabi/4.8.4/armv6-m/crtn.o

Memory Configuration

Name             Origin             Length             Attributes
rom              0x00000000         0x00004000         xr
ram              0x20000000         0x00001000         xrw
*default*        0x00000000         0xffffffff

Linker script and memory map

LOAD c:/program files (x86)/cypress/psoc creator/3.1/psoc creator/import/gnu_cs/arm/4.8.4/bin/../lib/gcc/arm-none-eabi/4.8.4/armv6-m/crti.o
LOAD c:/program files (x86)/cypress/psoc creator/3.1/psoc creator/import/gnu_cs/arm/4.8.4/bin/../lib/gcc/arm-none-eabi/4.8.4/armv6-m/crtbegin.o
LOAD c:/program files (x86)/cypress/psoc creator/3.1/psoc creator/import/gnu_cs/arm/4.8.4/bin/../lib/gcc/arm-none-eabi/4.8.4/../../../../arm-none-eabi/lib/armv6-m/crt0.o
START GROUP
LOAD .\CortexM0\ARM_GCC_484\Release\main.o
LOAD .\CortexM0\ARM_GCC_484\Release\cybootloader.o
LOAD .\CortexM0\ARM_GCC_484\Release\cymetadata.o
LOAD .\CortexM0\ARM_GCC_484\Release\Cm0Start.o
LOAD .\CortexM0\ARM_GCC_484\Release\app.a
LOAD C:\Program Files (x86)\Cypress\PSoC Creator\3.1\PSoC Creator\psoc\content\cycomponentlibrary\CyComponentLibrary.cylib\CortexM0\ARM_GCC_484\Release\CyComponentLibrary.a
END GROUP
START GROUP
LOAD c:/program files (x86)/cypress/psoc creator/3.1/psoc creator/import/gnu_cs/arm/4.8.4/bin/../lib/gcc/arm-none-eabi/4.8.4/armv6-m\libgcc.a
LOAD c:/program files (x86)/cypress/psoc creator/3.1/psoc creator/import/gnu_cs/arm/4.8.4/bin/../lib/gcc/arm-none-eabi/4.8.4/../../../../arm-none-eabi/lib/armv6-m\libg_s.a
LOAD c:/program files (x86)/cypress/psoc creator/3.1/psoc creator/import/gnu_cs/arm/4.8.4/bin/../lib/gcc/arm-none-eabi/4.8.4/../../../../arm-none-eabi/lib/armv6-m\libc_s.a
END GROUP
START GROUP
LOAD c:/program files (x86)/cypress/psoc creator/3.1/psoc creator/import/gnu_cs/arm/4.8.4/bin/../lib/gcc/arm-none-eabi/4.8.4/armv6-m\libgcc.a
LOAD c:/program files (x86)/cypress/psoc creator/3.1/psoc creator/import/gnu_cs/arm/4.8.4/bin/../lib/gcc/arm-none-eabi/4.8.4/../../../../arm-none-eabi/lib/armv6-m\libc_s.a
END GROUP
LOAD c:/program files (x86)/cypress/psoc creator/3.1/psoc creator/import/gnu_cs/arm/4.8.4/bin/../lib/gcc/arm-none-eabi/4.8.4/armv6-m/crtend.o
LOAD c:/program files (x86)/cypress/psoc creator/3.1/psoc creator/import/gnu_cs/arm/4.8.4/bin/../lib/gcc/arm-none-eabi/4.8.4/armv6-m/crtn.o
START GROUP
LOAD c:/program files (x86)/cypress/psoc creator/3.1/psoc creator/import/gnu_cs/arm/4.8.4/bin/../lib/gcc/arm-none-eabi/4.8.4/armv6-m\libgcc.a
LOAD c:/program files (x86)/cypress/psoc creator/3.1/psoc creator/import/gnu_cs/arm/4.8.4/bin/../lib/gcc/arm-none-eabi/4.8.4/../../../../arm-none-eabi/lib/armv6-m\libc.a
LOAD c:/program files (x86)/cypress/psoc creator/3.1/psoc creator/import/gnu_cs/arm/4.8.4/bin/../lib/gcc/arm-none-eabi/4.8.4/../../../../arm-none-eabi/lib/armv6-m\libnosys.a
END GROUP
                0x00000000                CY_APPL_ORIGIN = 0x0
                0x00000080                CY_FLASH_ROW_SIZE = 0x80
                0x00000001                CY_APPL_NUM = 0x1
                0x00000040                CY_METADATA_SIZE = 0x40
                0x20000130                PROVIDE (__cy_heap_start, _end)
                0x00000001                PROVIDE (__cy_region_num, ((__cy_regions_end - __cy_regions) / 0x10))
                0x20001000                PROVIDE (__cy_stack, (ORIGIN (ram) + 0x1000))
                0x20000c00                PROVIDE (__cy_heap_end, (__cy_stack - 0x400))

.cybootloader   0x00000000      0xd00
 *(.cybootloader)
 .cybootloader  0x00000000      0xd00 .\CortexM0\ARM_GCC_484\Release\cybootloader.o
                0x00000000                cy_bootloader
                0x00000d00                appl1_start = CY_APPL_ORIGIN?CY_APPL_ORIGIN:ALIGN (CY_FLASH_ROW_SIZE)
                0x00002600                appl2_start = (appl1_start + ALIGN ((((0x4000 - appl1_start) - (0x2 * CY_FLASH_ROW_SIZE)) / 0x2), CY_FLASH_ROW_SIZE))
                0x00000d00                appl_start = (CY_APPL_NUM == 0x1)?appl1_start:appl2_start

.text           0x00000d00      0xd20
 CREATE_OBJECT_SYMBOLS
                0x00000d00                PROVIDE (__cy_interrupt_vector, RomVectors)
 *(.romvectors)
 .romvectors    0x00000d00       0x10 .\CortexM0\ARM_GCC_484\Release\Cm0Start.o
                0x00000d00                RomVectors
                0x00000001                ASSERT ((. != __cy_interrupt_vector), No interrupt vector)
                0x00000001                ASSERT (CY_APPL_ORIGIN?(SIZEOF (.cybootloader) <= CY_APPL_ORIGIN):0x1, Wrong image location)
                0x00000d10                PROVIDE (__cy_reset, Reset)
 *(.text.Reset)
 .text.Reset    0x00000d10       0x10 .\CortexM0\ARM_GCC_484\Release\Cm0Start.o
                0x00000d10                Reset
                0x00000001                ASSERT ((. != __cy_reset), No reset code)
 *(.psocinit)
 .psocinit      0x00000d20      0x230 .\CortexM0\ARM_GCC_484\Release\app.a(cyfitter_cfg.o)
                0x00000d20                cyfitter_cfg
                0x00000f50                . = MAX (., 0x100)
 *(.text .text.* .gnu.linkonce.t.*)
 .text          0x00000f50       0x60 c:/program files (x86)/cypress/psoc creator/3.1/psoc creator/import/gnu_cs/arm/4.8.4/bin/../lib/gcc/arm-none-eabi/4.8.4/armv6-m/crtbegin.o
 .text.read     0x00000fb0      0x114 .\CortexM0\ARM_GCC_484\Release\main.o
                0x00000fb0                read
 .text.startup.main
                0x000010c4       0xc8 .\CortexM0\ARM_GCC_484\Release\main.o
                0x000010c4                main
 .text.IntDefaultHandler
                0x0000118c        0x2 .\CortexM0\ARM_GCC_484\Release\Cm0Start.o
                0x0000118c                IntDefaultHandler
 *fill*         0x0000118e        0x2 
 .text.Start_c  0x00001190       0x4c .\CortexM0\ARM_GCC_484\Release\Cm0Start.o
                0x00001190                Start_c
 .text.startup.initialize_psoc
                0x000011dc       0x54 .\CortexM0\ARM_GCC_484\Release\Cm0Start.o
                0x000011dc                initialize_psoc
 .text.SetAnalogRoutingPumps
                0x00001230       0x20 .\CortexM0\ARM_GCC_484\Release\app.a(cyfitter_cfg.o)
                0x00001230                SetAnalogRoutingPumps
 .text.AMux_DisconnectAll
                0x00001250       0x50 .\CortexM0\ARM_GCC_484\Release\app.a(cyfitter_cfg.o)
                0x00001250                AMux_DisconnectAll
 .text.AMux_Next
                0x000012a0       0x94 .\CortexM0\ARM_GCC_484\Release\app.a(cyfitter_cfg.o)
                0x000012a0                AMux_Next
 .text.Thermistor_GetResistance
                0x00001334       0x2c .\CortexM0\ARM_GCC_484\Release\app.a(Thermistor.o)
                0x00001334                Thermistor_GetResistance
 .text.Thermistor_GetTemperature
                0x00001360       0x80 .\CortexM0\ARM_GCC_484\Release\app.a(Thermistor.o)
                0x00001360                Thermistor_GetTemperature
 .text.ADC_Init
                0x000013e0       0xdc .\CortexM0\ARM_GCC_484\Release\app.a(ADC.o)
                0x000013e0                ADC_Init
 .text.ADC_Enable
                0x000014bc       0x20 .\CortexM0\ARM_GCC_484\Release\app.a(ADC.o)
                0x000014bc                ADC_Enable
 .text.ADC_Start
                0x000014dc       0x1c .\CortexM0\ARM_GCC_484\Release\app.a(ADC.o)
                0x000014dc                ADC_Start
 .text.ADC_Stop
                0x000014f8       0x10 .\CortexM0\ARM_GCC_484\Release\app.a(ADC.o)
                0x000014f8                ADC_Stop
 .text.ADC_StartConvert
                0x00001508       0x14 .\CortexM0\ARM_GCC_484\Release\app.a(ADC.o)
                0x00001508                ADC_StartConvert
 .text.ADC_StopConvert
                0x0000151c       0x14 .\CortexM0\ARM_GCC_484\Release\app.a(ADC.o)
                0x0000151c                ADC_StopConvert
 .text.ADC_IsEndConversion
                0x00001530       0x24 .\CortexM0\ARM_GCC_484\Release\app.a(ADC.o)
                0x00001530                ADC_IsEndConversion
 .text.ADC_GetResult16
                0x00001554       0x14 .\CortexM0\ARM_GCC_484\Release\app.a(ADC.o)
                0x00001554                ADC_GetResult16
 .text.ADC_SetOffset
                0x00001568        0xc .\CortexM0\ARM_GCC_484\Release\app.a(ADC.o)
                0x00001568                ADC_SetOffset
 .text.ADC_Sleep
                0x00001574       0x48 .\CortexM0\ARM_GCC_484\Release\app.a(ADC_PM.o)
                0x00001574                ADC_Sleep
 .text.ADC_Wakeup
                0x000015bc       0x2c .\CortexM0\ARM_GCC_484\Release\app.a(ADC_PM.o)
                0x000015bc                ADC_Wakeup
 .text.ADC_ISR  0x000015e8        0xc .\CortexM0\ARM_GCC_484\Release\app.a(ADC_INT.o)
                0x000015e8                ADC_ISR
 .text.EN_Write
                0x000015f4       0x18 .\CortexM0\ARM_GCC_484\Release\app.a(EN.o)
                0x000015f4                EN_Write
 .text.UART_Enable
                0x0000160c       0x14 .\CortexM0\ARM_GCC_484\Release\app.a(UART.o)
                0x0000160c                UART_Enable
 .text.UART_Start
                0x00001620       0x1c .\CortexM0\ARM_GCC_484\Release\app.a(UART.o)
                0x00001620                UART_Start
 .text.UART_SpiUartReadRxData
                0x0000163c        0xc .\CortexM0\ARM_GCC_484\Release\app.a(UART_SPI_UART.o)
                0x0000163c                UART_SpiUartReadRxData
 .text.UART_SpiUartGetRxBufferSize
                0x00001648       0x10 .\CortexM0\ARM_GCC_484\Release\app.a(UART_SPI_UART.o)
                0x00001648                UART_SpiUartGetRxBufferSize
 .text.UART_SpiUartClearRxBuffer
                0x00001658       0x20 .\CortexM0\ARM_GCC_484\Release\app.a(UART_SPI_UART.o)
                0x00001658                UART_SpiUartClearRxBuffer
 .text.UART_SpiUartWriteTxData
                0x00001678       0x1c .\CortexM0\ARM_GCC_484\Release\app.a(UART_SPI_UART.o)
                0x00001678                UART_SpiUartWriteTxData
 .text.UART_SpiUartDisableIntRx
                0x00001694       0x10 .\CortexM0\ARM_GCC_484\Release\app.a(UART_SPI_UART.o)
                0x00001694                UART_SpiUartDisableIntRx
 .text.UART_UartInit
                0x000016a4       0x90 .\CortexM0\ARM_GCC_484\Release\app.a(UART_UART.o)
                0x000016a4                UART_UartInit
 .text.UART_UartGetByte
                0x00001734       0x40 .\CortexM0\ARM_GCC_484\Release\app.a(UART_UART.o)
                0x00001734                UART_UartGetByte
 .text.Opamp_Init
                0x00001774       0x2c .\CortexM0\ARM_GCC_484\Release\app.a(Opamp.o)
                0x00001774                Opamp_Init
 .text.Opamp_Enable
                0x000017a0       0x1c .\CortexM0\ARM_GCC_484\Release\app.a(Opamp.o)
                0x000017a0                Opamp_Enable
 .text.Opamp_Start
                0x000017bc       0x1c .\CortexM0\ARM_GCC_484\Release\app.a(Opamp.o)
                0x000017bc                Opamp_Start
 .text.Opamp_Stop
                0x000017d8       0x14 .\CortexM0\ARM_GCC_484\Release\app.a(Opamp.o)
                0x000017d8                Opamp_Stop
 .text.Opamp_Sleep
                0x000017ec       0x24 .\CortexM0\ARM_GCC_484\Release\app.a(Opamp_PM.o)
                0x000017ec                Opamp_Sleep
 .text.Opamp_Wakeup
                0x00001810       0x14 .\CortexM0\ARM_GCC_484\Release\app.a(Opamp_PM.o)
                0x00001810                Opamp_Wakeup
 .text.AMux_Start
                0x00001824       0x14 .\CortexM0\ARM_GCC_484\Release\app.a(AMux.o)
                0x00001824                AMux_Start
 .text.AMux_Stop
                0x00001838        0x8 .\CortexM0\ARM_GCC_484\Release\app.a(AMux.o)
                0x00001838                AMux_Stop
 .text          0x00001840       0x28 .\CortexM0\ARM_GCC_484\Release\app.a(CyBootAsmGnu.o)
                0x00001840                CyDelayCycles
                0x00001854                CyEnterCriticalSection
                0x0000185c                CyExitCriticalSection
 .text.CyIntSetVector
                0x00001868       0x10 .\CortexM0\ARM_GCC_484\Release\app.a(CyLib.o)
                0x00001868                CyIntSetVector
 .text.CyIntSetPriority
                0x00001878       0x34 .\CortexM0\ARM_GCC_484\Release\app.a(CyLib.o)
                0x00001878                CyIntSetPriority
 .text.CyDelay  0x000018ac       0x2c .\CortexM0\ARM_GCC_484\Release\app.a(CyLib.o)
                0x000018ac                CyDelay
 .text.CyDelayUs
                0x000018d8       0x14 .\CortexM0\ARM_GCC_484\Release\app.a(CyLib.o)
                0x000018d8                CyDelayUs
 .text          0x000018ec       0x14 c:/program files (x86)/cypress/psoc creator/3.1/psoc creator/import/gnu_cs/arm/4.8.4/bin/../lib/gcc/arm-none-eabi/4.8.4/armv6-m\libgcc.a(_thumb1_case_uqi.o)
                0x000018ec                __gnu_thumb1_case_uqi
 .text          0x00001900       0xc0 c:/program files (x86)/cypress/psoc creator/3.1/psoc creator/import/gnu_cs/arm/4.8.4/bin/../lib/gcc/arm-none-eabi/4.8.4/armv6-m\libgcc.a(_divsi3.o)
                0x00001900                __divsi3
                0x00001900                __aeabi_idiv
                0x000019ac                __aeabi_idivmod
 .text          0x000019c0        0x4 c:/program files (x86)/cypress/psoc creator/3.1/psoc creator/import/gnu_cs/arm/4.8.4/bin/../lib/gcc/arm-none-eabi/4.8.4/armv6-m\libgcc.a(_dvmd_tls.o)
                0x000019c0                __aeabi_idiv0
                0x000019c0                __aeabi_ldiv0
 .text.__libc_init_array
                0x000019c4       0x4c c:/program files (x86)/cypress/psoc creator/3.1/psoc creator/import/gnu_cs/arm/4.8.4/bin/../lib/gcc/arm-none-eabi/4.8.4/../../../../arm-none-eabi/lib/armv6-m\libg_s.a(lib_a-init.o)
                0x000019c4                __libc_init_array
 .text.memset   0x00001a10       0x10 c:/program files (x86)/cypress/psoc creator/3.1/psoc creator/import/gnu_cs/arm/4.8.4/bin/../lib/gcc/arm-none-eabi/4.8.4/../../../../arm-none-eabi/lib/armv6-m\libg_s.a(lib_a-memset.o)
                0x00001a10                memset
 *(.plt)
 *(.gnu.warning)
 *(.glue_7t)
 .glue_7t       0x00000000        0x0 linker stubs
 *(.glue_7)
 .glue_7        0x00000000        0x0 linker stubs
 *(.vfp11_veneer)
 .vfp11_veneer  0x00000000        0x0 linker stubs
 *(.bootloader)
 *(.ARM.extab* .gnu.linkonce.armextab.*)
 *(.gcc_except_table)

.v4_bx          0x00001a20        0x0
 .v4_bx         0x00000000        0x0 linker stubs

.iplt           0x00001a20        0x0
 .iplt          0x00000000        0x0 c:/program files (x86)/cypress/psoc creator/3.1/psoc creator/import/gnu_cs/arm/4.8.4/bin/../lib/gcc/arm-none-eabi/4.8.4/armv6-m/crtbegin.o

.eh_frame_hdr
 *(.eh_frame_hdr)

.eh_frame       0x00001a20        0x4
 *(.eh_frame)
 .eh_frame      0x00001a20        0x0 c:/program files (x86)/cypress/psoc creator/3.1/psoc creator/import/gnu_cs/arm/4.8.4/bin/../lib/gcc/arm-none-eabi/4.8.4/armv6-m/crtbegin.o
 .eh_frame      0x00001a20        0x4 c:/program files (x86)/cypress/psoc creator/3.1/psoc creator/import/gnu_cs/arm/4.8.4/bin/../lib/gcc/arm-none-eabi/4.8.4/armv6-m/crtend.o
                0x00001a24                PROVIDE (__exidx_start, .)

.ARM.exidx
 *(.ARM.exidx* .gnu.linkonce.armexidx.*)
                0x00001a24                __exidx_end = .

.rodata         0x00001a24     0x1014
 *(.rodata .rodata.* .gnu.linkonce.r.*)
 .rodata        0x00001a24       0x38 .\CortexM0\ARM_GCC_484\Release\app.a(cyfitter_cfg.o)
 .rodata        0x00001a5c      0xfa4 .\CortexM0\ARM_GCC_484\Release\app.a(Thermistor.o)
                0x00002a00                . = ALIGN (0x4)
 *(.init)
 .init          0x00002a00        0x4 c:/program files (x86)/cypress/psoc creator/3.1/psoc creator/import/gnu_cs/arm/4.8.4/bin/../lib/gcc/arm-none-eabi/4.8.4/armv6-m/crti.o
                0x00002a00                _init
 .init          0x00002a04        0x8 c:/program files (x86)/cypress/psoc creator/3.1/psoc creator/import/gnu_cs/arm/4.8.4/bin/../lib/gcc/arm-none-eabi/4.8.4/armv6-m/crtn.o
                0x00002a0c                . = ALIGN (0x4)
                0x00002a0c                __preinit_array_start = .
 *(.preinit_array)
                0x00002a0c                __preinit_array_end = .
                0x00002a0c                . = ALIGN (0x4)
                0x00002a0c                __init_array_start = .
 *(SORT(.init_array.*))
 *(.init_array)
 .init_array    0x00002a0c        0x4 c:/program files (x86)/cypress/psoc creator/3.1/psoc creator/import/gnu_cs/arm/4.8.4/bin/../lib/gcc/arm-none-eabi/4.8.4/armv6-m/crtbegin.o
 .init_array    0x00002a10        0x4 .\CortexM0\ARM_GCC_484\Release\Cm0Start.o
                0x00002a14                __init_array_end = .
                0x00002a14                . = ALIGN (0x4)
 *(.fini)
 .fini          0x00002a14        0x4 c:/program files (x86)/cypress/psoc creator/3.1/psoc creator/import/gnu_cs/arm/4.8.4/bin/../lib/gcc/arm-none-eabi/4.8.4/armv6-m/crti.o
                0x00002a14                _fini
 .fini          0x00002a18        0x8 c:/program files (x86)/cypress/psoc creator/3.1/psoc creator/import/gnu_cs/arm/4.8.4/bin/../lib/gcc/arm-none-eabi/4.8.4/armv6-m/crtn.o
                0x00002a20                . = ALIGN (0x4)
                0x00002a20                __fini_array_start = .
 *(.fini_array)
 .fini_array    0x00002a20        0x4 c:/program files (x86)/cypress/psoc creator/3.1/psoc creator/import/gnu_cs/arm/4.8.4/bin/../lib/gcc/arm-none-eabi/4.8.4/armv6-m/crtbegin.o
 *(SORT(.fini_array.*))
                0x00002a24                __fini_array_end = .
                0x00002a24                . = ALIGN (0x4)
 *crtbegin.o(.ctors)
 *(EXCLUDE_FILE(*crtend.o) .ctors)
 *(SORT(.ctors.*))
 *crtend.o(.ctors)
                0x00002a24                . = ALIGN (0x4)
 *crtbegin.o(.dtors)
 *(EXCLUDE_FILE(*crtend.o) .dtors)
 *(SORT(.dtors.*))
 *crtend.o(.dtors)
                0x00002a24                . = ALIGN (0x4)
                0x00002a24                __cy_regions = .
                0x00002a24        0x4 LONG 0x2a38 __cy_region_init_ram
                0x00002a28        0x4 LONG 0x200000d0 __cy_region_start_data
                0x00002a2c        0x4 LONG 0x18 __cy_region_init_size_ram
                0x00002a30        0x4 LONG 0x48 __cy_region_zero_size_ram
                0x00002a34                __cy_regions_end = .
                0x00002a38                . = ALIGN (0x8)
 *fill*         0x00002a34        0x4 
                0x00002a38                _etext = .

.ramvectors     0x20000000       0xc0
                0x20000000                __cy_region_start_ram = .
 *(.ramvectors)
 .ramvectors    0x20000000       0xc0 .\CortexM0\ARM_GCC_484\Release\Cm0Start.o
                0x20000000                CyRamVectors

.btldr_run      0x200000c0        0x4
 *(.bootloaderruntype)
 .bootloaderruntype
                0x200000c0        0x4 .\CortexM0\ARM_GCC_484\Release\Cm0Start.o
                0x200000c0                cyBtldrRunType

.noinit         0x200000c8        0x4
 *(.noinit)
 .noinit        0x200000c8        0x4 .\CortexM0\ARM_GCC_484\Release\Cm0Start.o

.data           0x200000d0       0x18 load address 0x00002a38
                0x200000d0                __cy_region_start_data = .
 *(.jcr)
 .jcr           0x200000d0        0x0 c:/program files (x86)/cypress/psoc creator/3.1/psoc creator/import/gnu_cs/arm/4.8.4/bin/../lib/gcc/arm-none-eabi/4.8.4/armv6-m/crtbegin.o
 .jcr           0x200000d0        0x4 c:/program files (x86)/cypress/psoc creator/3.1/psoc creator/import/gnu_cs/arm/4.8.4/bin/../lib/gcc/arm-none-eabi/4.8.4/armv6-m/crtend.o
 *(.got.plt)
 *(.got)
 *(.shdata)
 *(.data .data.* .gnu.linkonce.d.*)
 .data          0x200000d4        0x1 .\CortexM0\ARM_GCC_484\Release\app.a(cyfitter_cfg.o)
                0x200000d4                AMux_curChannel
 *fill*         0x200000d5        0x3 
 .data          0x200000d8       0x10 .\CortexM0\ARM_GCC_484\Release\app.a(CyLib.o)
                0x200000d8                cydelay32kMs
                0x200000dc                cydelayFreqKhz
                0x200000e0                cydelayFreqMhz
                0x200000e4                cydelayFreqHz
                0x200000e8                . = ALIGN (0x8)
 *(.ram)
                0x200000e8                _edata = .

.igot.plt       0x200000e8        0x0 load address 0x00002a50
 .igot.plt      0x00000000        0x0 c:/program files (x86)/cypress/psoc creator/3.1/psoc creator/import/gnu_cs/arm/4.8.4/bin/../lib/gcc/arm-none-eabi/4.8.4/armv6-m/crtbegin.o

.bss            0x200000e8       0x48 load address 0x00002a50
                0x200000e8                PROVIDE (__bss_start__, .)
 *(.shbss)
 *(.bss .bss.* .gnu.linkonce.b.*)
 .bss           0x200000e8       0x1c c:/program files (x86)/cypress/psoc creator/3.1/psoc creator/import/gnu_cs/arm/4.8.4/bin/../lib/gcc/arm-none-eabi/4.8.4/armv6-m/crtbegin.o
 .bss           0x20000104        0x1 .\CortexM0\ARM_GCC_484\Release\app.a(ADC.o)
                0x20000104                ADC_initVar
 .bss           0x20000105        0x1 .\CortexM0\ARM_GCC_484\Release\app.a(ADC_PM.o)
 *fill*         0x20000106        0x2 
 .bss           0x20000108        0x8 .\CortexM0\ARM_GCC_484\Release\app.a(UART.o)
                0x20000108                UART_initVar
                0x2000010c                UART_customIntrHandler
 .bss           0x20000110        0x8 .\CortexM0\ARM_GCC_484\Release\app.a(Opamp.o)
                0x20000114                Opamp_initVar
 .bss           0x20000118        0x1 .\CortexM0\ARM_GCC_484\Release\app.a(Opamp_PM.o)
 .bss           0x20000119        0x1 .\CortexM0\ARM_GCC_484\Release\app.a(AMux.o)
                0x20000119                AMux_initVar
 *(COMMON)
 COMMON         0x2000011a        0xc .\CortexM0\ARM_GCC_484\Release\main.o
                0x2000011a                REF
                0x2000011e                RH
                0x20000120                T
                0x20000124                EXT
 *fill*         0x20000126        0x2 
 COMMON         0x20000128        0x6 .\CortexM0\ARM_GCC_484\Release\app.a(ADC.o)
                0x20000128                ADC_countsPer10Volt
                0x2000012c                ADC_offset
                0x20000130                . = ALIGN (0x8)
 *fill*         0x2000012e        0x2 
 *(.ram.b)
                0x20000130                _end = .
                0x20000130                __end = .
                0x20000130                PROVIDE (end, .)
                0x20000130                PROVIDE (__bss_end__, .)
                0x00002a38                __cy_region_init_ram = LOADADDR (.data)
                0x00000018                __cy_region_init_size_ram = (_edata - ADDR (.data))
                0x00000048                __cy_region_zero_size_ram = (_end - _edata)

.heap           0x20000130      0x100 load address 0x00002a50
                0x20000130                . = _end
                0x20000230                . = (. + 0x100)
 *fill*         0x20000130      0x100 
                0x20000230                __cy_heap_limit = .

.stack          0x20000c00      0x400
                0x20000c00                __cy_stack_limit = .
                0x20001000                . = (. + 0x400)
 *fill*         0x20000c00      0x400 
                0x00000001                ASSERT ((__cy_stack_limit >= __cy_heap_limit), region RAM overflowed with stack)

.cyloadermeta   0xf0000000       0x40
 *(.cyloadermeta)
 .cyloadermeta  0xf0000000       0x40 .\CortexM0\ARM_GCC_484\Release\cybootloader.o
                0xf0000000                cy_meta_loader

.cyloadablemeta
                0x00003fc0       0x40
 *(.cyloadablemeta)
 .cyloadablemeta
                0x00003fc0       0x40 .\CortexM0\ARM_GCC_484\Release\cymetadata.o
                0x00003fc0                cy_meta_loadable

.cyflashprotect
                0x90400000       0x10
 *(.cyflashprotect)
 .cyflashprotect
                0x90400000       0x10 .\CortexM0\ARM_GCC_484\Release\cybootloader.o
                0x90400000                cy_meta_flashprotect

.cymeta         0x90500000        0xc
 *(.cymeta)
 .cymeta        0x90500000        0xc .\CortexM0\ARM_GCC_484\Release\cybootloader.o
                0x90500000                cy_metadata

.cychipprotect  0x90600000        0x1
 *(.cychipprotect)
 .cychipprotect
                0x90600000        0x1 .\CortexM0\ARM_GCC_484\Release\cybootloader.o
                0x90600000                cy_meta_chipprotect

.rel.dyn        0x00004000        0x0 load address 0x90600004
 .rel.iplt      0x00000000        0x0 c:/program files (x86)/cypress/psoc creator/3.1/psoc creator/import/gnu_cs/arm/4.8.4/bin/../lib/gcc/arm-none-eabi/4.8.4/armv6-m/crtbegin.o

.stab
 *(.stab)

.stabstr
 *(.stabstr)

.debug
 *(.debug)

.line
 *(.line)

.debug_srcinfo
 *(.debug_srcinfo)

.debug_sfnames
 *(.debug_sfnames)

.debug_aranges  0x00000000      0x630
 *(.debug_aranges)
 .debug_aranges
                0x00000000       0x28 .\CortexM0\ARM_GCC_484\Release\main.o
 .debug_aranges
                0x00000028       0x18 .\CortexM0\ARM_GCC_484\Release\cybootloader.o
 .debug_aranges
                0x00000040       0x18 .\CortexM0\ARM_GCC_484\Release\cymetadata.o
 .debug_aranges
                0x00000058       0x48 .\CortexM0\ARM_GCC_484\Release\Cm0Start.o
 .debug_aranges
                0x000000a0       0x38 .\CortexM0\ARM_GCC_484\Release\app.a(cyfitter_cfg.o)
 .debug_aranges
                0x000000d8       0x28 .\CortexM0\ARM_GCC_484\Release\app.a(Thermistor.o)
 .debug_aranges
                0x00000100       0xa8 .\CortexM0\ARM_GCC_484\Release\app.a(ADC.o)
 .debug_aranges
                0x000001a8       0x38 .\CortexM0\ARM_GCC_484\Release\app.a(ADC_PM.o)
 .debug_aranges
                0x000001e0       0x20 .\CortexM0\ARM_GCC_484\Release\app.a(ADC_INT.o)
 .debug_aranges
                0x00000200       0x40 .\CortexM0\ARM_GCC_484\Release\app.a(EN.o)
 .debug_aranges
                0x00000240       0x58 .\CortexM0\ARM_GCC_484\Release\app.a(UART.o)
 .debug_aranges
                0x00000298       0x60 .\CortexM0\ARM_GCC_484\Release\app.a(UART_SPI_UART.o)
 .debug_aranges
                0x000002f8       0x50 .\CortexM0\ARM_GCC_484\Release\app.a(UART_UART.o)
 .debug_aranges
                0x00000348       0x48 .\CortexM0\ARM_GCC_484\Release\app.a(Opamp.o)
 .debug_aranges
                0x00000390       0x38 .\CortexM0\ARM_GCC_484\Release\app.a(Opamp_PM.o)
 .debug_aranges
                0x000003c8       0x38 .\CortexM0\ARM_GCC_484\Release\app.a(AMux.o)
 .debug_aranges
                0x00000400       0x20 .\CortexM0\ARM_GCC_484\Release\app.a(CyBootAsmGnu.o)
 .debug_aranges
                0x00000420      0x210 .\CortexM0\ARM_GCC_484\Release\app.a(CyLib.o)

.debug_pubnames
 *(.debug_pubnames)

.debug_info     0x00000000     0x378d
 *(.debug_info .gnu.linkonce.wi.*)
 .debug_info    0x00000000      0x56a .\CortexM0\ARM_GCC_484\Release\main.o
 .debug_info    0x0000056a      0x14d .\CortexM0\ARM_GCC_484\Release\cybootloader.o
 .debug_info    0x000006b7       0xb1 .\CortexM0\ARM_GCC_484\Release\cymetadata.o
 .debug_info    0x00000768      0x375 .\CortexM0\ARM_GCC_484\Release\Cm0Start.o
 .debug_info    0x00000add      0x568 .\CortexM0\ARM_GCC_484\Release\app.a(cyfitter_cfg.o)
 .debug_info    0x00001045      0x196 .\CortexM0\ARM_GCC_484\Release\app.a(Thermistor.o)
 .debug_info    0x000011db      0x521 .\CortexM0\ARM_GCC_484\Release\app.a(ADC.o)
 .debug_info    0x000016fc      0x16e .\CortexM0\ARM_GCC_484\Release\app.a(ADC_PM.o)
 .debug_info    0x0000186a       0xc3 .\CortexM0\ARM_GCC_484\Release\app.a(ADC_INT.o)
 .debug_info    0x0000192d      0x150 .\CortexM0\ARM_GCC_484\Release\app.a(EN.o)
 .debug_info    0x00001a7d      0x21e .\CortexM0\ARM_GCC_484\Release\app.a(UART.o)
 .debug_info    0x00001c9b      0x219 .\CortexM0\ARM_GCC_484\Release\app.a(UART_SPI_UART.o)
 .debug_info    0x00001eb4      0x2ad .\CortexM0\ARM_GCC_484\Release\app.a(UART_UART.o)
 .debug_info    0x00002161      0x17c .\CortexM0\ARM_GCC_484\Release\app.a(Opamp.o)
 .debug_info    0x000022dd      0x147 .\CortexM0\ARM_GCC_484\Release\app.a(Opamp_PM.o)
 .debug_info    0x00002424      0x12c .\CortexM0\ARM_GCC_484\Release\app.a(AMux.o)
 .debug_info    0x00002550       0x95 .\CortexM0\ARM_GCC_484\Release\app.a(CyBootAsmGnu.o)
 .debug_info    0x000025e5     0x11a8 .\CortexM0\ARM_GCC_484\Release\app.a(CyLib.o)

.debug_abbrev   0x00000000     0x15d9
 *(.debug_abbrev)
 .debug_abbrev  0x00000000      0x169 .\CortexM0\ARM_GCC_484\Release\main.o
 .debug_abbrev  0x00000169       0x77 .\CortexM0\ARM_GCC_484\Release\cybootloader.o
 .debug_abbrev  0x000001e0       0x5d .\CortexM0\ARM_GCC_484\Release\cymetadata.o
 .debug_abbrev  0x0000023d      0x1eb .\CortexM0\ARM_GCC_484\Release\Cm0Start.o
 .debug_abbrev  0x00000428      0x2cc .\CortexM0\ARM_GCC_484\Release\app.a(cyfitter_cfg.o)
 .debug_abbrev  0x000006f4       0xc4 .\CortexM0\ARM_GCC_484\Release\app.a(Thermistor.o)
 .debug_abbrev  0x000007b8      0x1df .\CortexM0\ARM_GCC_484\Release\app.a(ADC.o)
 .debug_abbrev  0x00000997       0xc4 .\CortexM0\ARM_GCC_484\Release\app.a(ADC_PM.o)
 .debug_abbrev  0x00000a5b       0x72 .\CortexM0\ARM_GCC_484\Release\app.a(ADC_INT.o)
 .debug_abbrev  0x00000acd       0xb7 .\CortexM0\ARM_GCC_484\Release\app.a(EN.o)
 .debug_abbrev  0x00000b84      0x16b .\CortexM0\ARM_GCC_484\Release\app.a(UART.o)
 .debug_abbrev  0x00000cef      0x176 .\CortexM0\ARM_GCC_484\Release\app.a(UART_SPI_UART.o)
 .debug_abbrev  0x00000e65      0x152 .\CortexM0\ARM_GCC_484\Release\app.a(UART_UART.o)
 .debug_abbrev  0x00000fb7       0xd5 .\CortexM0\ARM_GCC_484\Release\app.a(Opamp.o)
 .debug_abbrev  0x0000108c       0xc4 .\CortexM0\ARM_GCC_484\Release\app.a(Opamp_PM.o)
 .debug_abbrev  0x00001150       0xa9 .\CortexM0\ARM_GCC_484\Release\app.a(AMux.o)
 .debug_abbrev  0x000011f9       0x14 .\CortexM0\ARM_GCC_484\Release\app.a(CyBootAsmGnu.o)
 .debug_abbrev  0x0000120d      0x3cc .\CortexM0\ARM_GCC_484\Release\app.a(CyLib.o)

.debug_line     0x00000000     0x173b
 *(.debug_line)
 .debug_line    0x00000000      0x135 .\CortexM0\ARM_GCC_484\Release\main.o
 .debug_line    0x00000135       0x55 .\CortexM0\ARM_GCC_484\Release\cybootloader.o
 .debug_line    0x0000018a       0x53 .\CortexM0\ARM_GCC_484\Release\cymetadata.o
 .debug_line    0x000001dd      0x210 .\CortexM0\ARM_GCC_484\Release\Cm0Start.o
 .debug_line    0x000003ed      0x1ba .\CortexM0\ARM_GCC_484\Release\app.a(cyfitter_cfg.o)
 .debug_line    0x000005a7       0xcb .\CortexM0\ARM_GCC_484\Release\app.a(Thermistor.o)
 .debug_line    0x00000672      0x225 .\CortexM0\ARM_GCC_484\Release\app.a(ADC.o)
 .debug_line    0x00000897       0xac .\CortexM0\ARM_GCC_484\Release\app.a(ADC_PM.o)
 .debug_line    0x00000943       0x6a .\CortexM0\ARM_GCC_484\Release\app.a(ADC_INT.o)
 .debug_line    0x000009ad       0xb2 .\CortexM0\ARM_GCC_484\Release\app.a(EN.o)
 .debug_line    0x00000a5f      0x122 .\CortexM0\ARM_GCC_484\Release\app.a(UART.o)
 .debug_line    0x00000b81      0x126 .\CortexM0\ARM_GCC_484\Release\app.a(UART_SPI_UART.o)
 .debug_line    0x00000ca7      0x13a .\CortexM0\ARM_GCC_484\Release\app.a(UART_UART.o)
 .debug_line    0x00000de1       0xcc .\CortexM0\ARM_GCC_484\Release\app.a(Opamp.o)
 .debug_line    0x00000ead       0xa4 .\CortexM0\ARM_GCC_484\Release\app.a(Opamp_PM.o)
 .debug_line    0x00000f51       0xa6 .\CortexM0\ARM_GCC_484\Release\app.a(AMux.o)
 .debug_line    0x00000ff7       0x69 .\CortexM0\ARM_GCC_484\Release\app.a(CyBootAsmGnu.o)
 .debug_line    0x00001060      0x6db .\CortexM0\ARM_GCC_484\Release\app.a(CyLib.o)

.debug_frame    0x00000000      0xf28
 *(.debug_frame)
 .debug_frame   0x00000000       0x50 .\CortexM0\ARM_GCC_484\Release\main.o
 .debug_frame   0x00000050       0xa4 .\CortexM0\ARM_GCC_484\Release\Cm0Start.o
 .debug_frame   0x000000f4       0x74 .\CortexM0\ARM_GCC_484\Release\app.a(cyfitter_cfg.o)
 .debug_frame   0x00000168       0x4c .\CortexM0\ARM_GCC_484\Release\app.a(Thermistor.o)
 .debug_frame   0x000001b4      0x17c .\CortexM0\ARM_GCC_484\Release\app.a(ADC.o)
 .debug_frame   0x00000330       0x68 .\CortexM0\ARM_GCC_484\Release\app.a(ADC_PM.o)
 .debug_frame   0x00000398       0x20 .\CortexM0\ARM_GCC_484\Release\app.a(ADC_INT.o)
 .debug_frame   0x000003b8       0x6c .\CortexM0\ARM_GCC_484\Release\app.a(EN.o)
 .debug_frame   0x00000424       0xa8 .\CortexM0\ARM_GCC_484\Release\app.a(UART.o)
 .debug_frame   0x000004cc       0xb0 .\CortexM0\ARM_GCC_484\Release\app.a(UART_SPI_UART.o)
 .debug_frame   0x0000057c       0xbc .\CortexM0\ARM_GCC_484\Release\app.a(UART_UART.o)
 .debug_frame   0x00000638       0x7c .\CortexM0\ARM_GCC_484\Release\app.a(Opamp.o)
 .debug_frame   0x000006b4       0x68 .\CortexM0\ARM_GCC_484\Release\app.a(Opamp_PM.o)
 .debug_frame   0x0000071c       0x74 .\CortexM0\ARM_GCC_484\Release\app.a(AMux.o)
 .debug_frame   0x00000790      0x528 .\CortexM0\ARM_GCC_484\Release\app.a(CyLib.o)
 .debug_frame   0x00000cb8       0x20 c:/program files (x86)/cypress/psoc creator/3.1/psoc creator/import/gnu_cs/arm/4.8.4/bin/../lib/gcc/arm-none-eabi/4.8.4/armv6-m\libgcc.a(_udivsi3.o)
 .debug_frame   0x00000cd8       0x20 c:/program files (x86)/cypress/psoc creator/3.1/psoc creator/import/gnu_cs/arm/4.8.4/bin/../lib/gcc/arm-none-eabi/4.8.4/armv6-m\libgcc.a(_divsi3.o)
 .debug_frame   0x00000cf8       0x30 c:/program files (x86)/cypress/psoc creator/3.1/psoc creator/import/gnu_cs/arm/4.8.4/bin/../lib/gcc/arm-none-eabi/4.8.4/armv6-m\libgcc.a(_muldi3.o)
 .debug_frame   0x00000d28       0x50 c:/program files (x86)/cypress/psoc creator/3.1/psoc creator/import/gnu_cs/arm/4.8.4/bin/../lib/gcc/arm-none-eabi/4.8.4/armv6-m\libgcc.a(bpabi.o)
 .debug_frame   0x00000d78       0x3c c:/program files (x86)/cypress/psoc creator/3.1/psoc creator/import/gnu_cs/arm/4.8.4/bin/../lib/gcc/arm-none-eabi/4.8.4/armv6-m\libgcc.a(divsf3.o)
 .debug_frame   0x00000db4       0x3c c:/program files (x86)/cypress/psoc creator/3.1/psoc creator/import/gnu_cs/arm/4.8.4/bin/../lib/gcc/arm-none-eabi/4.8.4/armv6-m\libgcc.a(mulsf3.o)
 .debug_frame   0x00000df0       0x2c c:/program files (x86)/cypress/psoc creator/3.1/psoc creator/import/gnu_cs/arm/4.8.4/bin/../lib/gcc/arm-none-eabi/4.8.4/armv6-m\libgcc.a(floatsisf.o)
 .debug_frame   0x00000e1c       0x3c c:/program files (x86)/cypress/psoc creator/3.1/psoc creator/import/gnu_cs/arm/4.8.4/bin/../lib/gcc/arm-none-eabi/4.8.4/armv6-m\libgcc.a(_divdi3.o)
 .debug_frame   0x00000e58       0x3c c:/program files (x86)/cypress/psoc creator/3.1/psoc creator/import/gnu_cs/arm/4.8.4/bin/../lib/gcc/arm-none-eabi/4.8.4/armv6-m\libgcc.a(_udivdi3.o)
 .debug_frame   0x00000e94       0x20 c:/program files (x86)/cypress/psoc creator/3.1/psoc creator/import/gnu_cs/arm/4.8.4/bin/../lib/gcc/arm-none-eabi/4.8.4/../../../../arm-none-eabi/lib/armv6-m\libg_s.a(lib_a-errno.o)
 .debug_frame   0x00000eb4       0x28 c:/program files (x86)/cypress/psoc creator/3.1/psoc creator/import/gnu_cs/arm/4.8.4/bin/../lib/gcc/arm-none-eabi/4.8.4/../../../../arm-none-eabi/lib/armv6-m\libg_s.a(lib_a-exit.o)
 .debug_frame   0x00000edc       0x2c c:/program files (x86)/cypress/psoc creator/3.1/psoc creator/import/gnu_cs/arm/4.8.4/bin/../lib/gcc/arm-none-eabi/4.8.4/../../../../arm-none-eabi/lib/armv6-m\libg_s.a(lib_a-init.o)
 .debug_frame   0x00000f08       0x20 c:/program files (x86)/cypress/psoc creator/3.1/psoc creator/import/gnu_cs/arm/4.8.4/bin/../lib/gcc/arm-none-eabi/4.8.4/../../../../arm-none-eabi/lib/armv6-m\libg_s.a(lib_a-memset.o)

.debug_str      0x00000000     0x14dd
 *(.debug_str)
 .debug_str     0x00000000      0x2cb .\CortexM0\ARM_GCC_484\Release\main.o
                                0x30a (size before relaxing)
 .debug_str     0x000002cb       0x7a .\CortexM0\ARM_GCC_484\Release\cybootloader.o
                                0x1e0 (size before relaxing)
 .debug_str     0x00000345       0x37 .\CortexM0\ARM_GCC_484\Release\cymetadata.o
                                0x19d (size before relaxing)
 .debug_str     0x0000037c      0x164 .\CortexM0\ARM_GCC_484\Release\Cm0Start.o
                                0x2ea (size before relaxing)
 .debug_str     0x000004e0      0x1d4 .\CortexM0\ARM_GCC_484\Release\app.a(cyfitter_cfg.o)
                                0x3a0 (size before relaxing)
 .debug_str     0x000006b4       0x68 .\CortexM0\ARM_GCC_484\Release\app.a(Thermistor.o)
                                0x215 (size before relaxing)
 .debug_str     0x0000071c      0x194 .\CortexM0\ARM_GCC_484\Release\app.a(ADC.o)
                                0x3b1 (size before relaxing)
 .debug_str     0x000008b0       0x6c .\CortexM0\ARM_GCC_484\Release\app.a(ADC_PM.o)
                                0x229 (size before relaxing)
 .debug_str     0x0000091c       0x37 .\CortexM0\ARM_GCC_484\Release\app.a(ADC_INT.o)
                                0x1a4 (size before relaxing)
 .debug_str     0x00000953       0x6f .\CortexM0\ARM_GCC_484\Release\app.a(EN.o)
                                0x1e8 (size before relaxing)
 .debug_str     0x000009c2      0x11a .\CortexM0\ARM_GCC_484\Release\app.a(UART.o)
                                0x2a5 (size before relaxing)
 .debug_str     0x00000adc       0xe9 .\CortexM0\ARM_GCC_484\Release\app.a(UART_SPI_UART.o)
                                0x2b5 (size before relaxing)
 .debug_str     0x00000bc5       0xca .\CortexM0\ARM_GCC_484\Release\app.a(UART_UART.o)
                                0x2d7 (size before relaxing)
 .debug_str     0x00000c8f       0x93 .\CortexM0\ARM_GCC_484\Release\app.a(Opamp.o)
                                0x209 (size before relaxing)
 .debug_str     0x00000d22       0x6a .\CortexM0\ARM_GCC_484\Release\app.a(Opamp_PM.o)
                                0x211 (size before relaxing)
 .debug_str     0x00000d8c       0x47 .\CortexM0\ARM_GCC_484\Release\app.a(AMux.o)
                                0x1e1 (size before relaxing)
 .debug_str     0x00000dd3      0x70a .\CortexM0\ARM_GCC_484\Release\app.a(CyLib.o)
                                0x903 (size before relaxing)

.debug_loc      0x00000000     0x173b
 *(.debug_loc)
 .debug_loc     0x00000000       0xd4 .\CortexM0\ARM_GCC_484\Release\main.o
 .debug_loc     0x000000d4      0x1ca .\CortexM0\ARM_GCC_484\Release\Cm0Start.o
 .debug_loc     0x0000029e      0x1f2 .\CortexM0\ARM_GCC_484\Release\app.a(cyfitter_cfg.o)
 .debug_loc     0x00000490      0x177 .\CortexM0\ARM_GCC_484\Release\app.a(Thermistor.o)
 .debug_loc     0x00000607      0x2fa .\CortexM0\ARM_GCC_484\Release\app.a(ADC.o)
 .debug_loc     0x00000901       0x7d .\CortexM0\ARM_GCC_484\Release\app.a(EN.o)
 .debug_loc     0x0000097e       0x3c .\CortexM0\ARM_GCC_484\Release\app.a(UART.o)
 .debug_loc     0x000009ba       0xee .\CortexM0\ARM_GCC_484\Release\app.a(UART_SPI_UART.o)
 .debug_loc     0x00000aa8      0x191 .\CortexM0\ARM_GCC_484\Release\app.a(UART_UART.o)
 .debug_loc     0x00000c39       0x39 .\CortexM0\ARM_GCC_484\Release\app.a(Opamp.o)
 .debug_loc     0x00000c72      0xac9 .\CortexM0\ARM_GCC_484\Release\app.a(CyLib.o)

.debug_macinfo
 *(.debug_macinfo)

.debug_ranges   0x00000000      0x670
 *(.debug_ranges)
 .debug_ranges  0x00000000       0x18 .\CortexM0\ARM_GCC_484\Release\main.o
 .debug_ranges  0x00000018       0x38 .\CortexM0\ARM_GCC_484\Release\Cm0Start.o
 .debug_ranges  0x00000050       0x80 .\CortexM0\ARM_GCC_484\Release\app.a(cyfitter_cfg.o)
 .debug_ranges  0x000000d0       0x18 .\CortexM0\ARM_GCC_484\Release\app.a(Thermistor.o)
 .debug_ranges  0x000000e8       0x98 .\CortexM0\ARM_GCC_484\Release\app.a(ADC.o)
 .debug_ranges  0x00000180       0x28 .\CortexM0\ARM_GCC_484\Release\app.a(ADC_PM.o)
 .debug_ranges  0x000001a8       0x10 .\CortexM0\ARM_GCC_484\Release\app.a(ADC_INT.o)
 .debug_ranges  0x000001b8       0x30 .\CortexM0\ARM_GCC_484\Release\app.a(EN.o)
 .debug_ranges  0x000001e8       0x48 .\CortexM0\ARM_GCC_484\Release\app.a(UART.o)
 .debug_ranges  0x00000230       0x50 .\CortexM0\ARM_GCC_484\Release\app.a(UART_SPI_UART.o)
 .debug_ranges  0x00000280       0x40 .\CortexM0\ARM_GCC_484\Release\app.a(UART_UART.o)
 .debug_ranges  0x000002c0       0x38 .\CortexM0\ARM_GCC_484\Release\app.a(Opamp.o)
 .debug_ranges  0x000002f8       0x28 .\CortexM0\ARM_GCC_484\Release\app.a(Opamp_PM.o)
 .debug_ranges  0x00000320       0x28 .\CortexM0\ARM_GCC_484\Release\app.a(AMux.o)
 .debug_ranges  0x00000348      0x328 .\CortexM0\ARM_GCC_484\Release\app.a(CyLib.o)

.comment        0x00000000       0x70
 .comment       0x00000000       0x70 .\CortexM0\ARM_GCC_484\Release\main.o
                                 0x71 (size before relaxing)
 .comment       0x00000000       0x71 .\CortexM0\ARM_GCC_484\Release\cybootloader.o
 .comment       0x00000000       0x71 .\CortexM0\ARM_GCC_484\Release\cymetadata.o
 .comment       0x00000000       0x71 .\CortexM0\ARM_GCC_484\Release\Cm0Start.o
 .comment       0x00000000       0x71 .\CortexM0\ARM_GCC_484\Release\app.a(cyfitter_cfg.o)
 .comment       0x00000000       0x71 .\CortexM0\ARM_GCC_484\Release\app.a(Thermistor.o)
 .comment       0x00000000       0x71 .\CortexM0\ARM_GCC_484\Release\app.a(ADC.o)
 .comment       0x00000000       0x71 .\CortexM0\ARM_GCC_484\Release\app.a(ADC_PM.o)
 .comment       0x00000000       0x71 .\CortexM0\ARM_GCC_484\Release\app.a(ADC_INT.o)
 .comment       0x00000000       0x71 .\CortexM0\ARM_GCC_484\Release\app.a(EN.o)
 .comment       0x00000000       0x71 .\CortexM0\ARM_GCC_484\Release\app.a(UART.o)
 .comment       0x00000000       0x71 .\CortexM0\ARM_GCC_484\Release\app.a(UART_SPI_UART.o)
 .comment       0x00000000       0x71 .\CortexM0\ARM_GCC_484\Release\app.a(UART_UART.o)
 .comment       0x00000000       0x71 .\CortexM0\ARM_GCC_484\Release\app.a(Opamp.o)
 .comment       0x00000000       0x71 .\CortexM0\ARM_GCC_484\Release\app.a(Opamp_PM.o)
 .comment       0x00000000       0x71 .\CortexM0\ARM_GCC_484\Release\app.a(AMux.o)
 .comment       0x00000000       0x71 .\CortexM0\ARM_GCC_484\Release\app.a(CyLib.o)

.debug_weaknames
 *(.debug_weaknames)

.debug_funcnames
 *(.debug_funcnames)

.debug_typenames
 *(.debug_typenames)

.debug_varnames
 *(.debug_varnames)

.note.gnu.arm.ident
 *(.note.gnu.arm.ident)

.ARM.attributes
                0x00000000       0x28
 *(.ARM.attributes)
 .ARM.attributes
                0x00000000       0x1e c:/program files (x86)/cypress/psoc creator/3.1/psoc creator/import/gnu_cs/arm/4.8.4/bin/../lib/gcc/arm-none-eabi/4.8.4/armv6-m/crti.o
 .ARM.attributes
                0x0000001e       0x2c c:/program files (x86)/cypress/psoc creator/3.1/psoc creator/import/gnu_cs/arm/4.8.4/bin/../lib/gcc/arm-none-eabi/4.8.4/armv6-m/crtbegin.o
 .ARM.attributes
                0x0000004a       0x1b c:/program files (x86)/cypress/psoc creator/3.1/psoc creator/import/gnu_cs/arm/4.8.4/bin/../lib/gcc/arm-none-eabi/4.8.4/../../../../arm-none-eabi/lib/armv6-m/crt0.o
 .ARM.attributes
                0x00000065       0x31 .\CortexM0\ARM_GCC_484\Release\main.o
 .ARM.attributes
                0x00000096       0x31 .\CortexM0\ARM_GCC_484\Release\cybootloader.o
 .ARM.attributes
                0x000000c7       0x31 .\CortexM0\ARM_GCC_484\Release\cymetadata.o
 .ARM.attributes
                0x000000f8       0x31 .\CortexM0\ARM_GCC_484\Release\Cm0Start.o
 .ARM.attributes
                0x00000129       0x31 .\CortexM0\ARM_GCC_484\Release\app.a(cyfitter_cfg.o)
 .ARM.attributes
                0x0000015a       0x31 .\CortexM0\ARM_GCC_484\Release\app.a(Thermistor.o)
 .ARM.attributes
                0x0000018b       0x31 .\CortexM0\ARM_GCC_484\Release\app.a(ADC.o)
 .ARM.attributes
                0x000001bc       0x31 .\CortexM0\ARM_GCC_484\Release\app.a(ADC_PM.o)
 .ARM.attributes
                0x000001ed       0x31 .\CortexM0\ARM_GCC_484\Release\app.a(ADC_INT.o)
 .ARM.attributes
                0x0000021e       0x31 .\CortexM0\ARM_GCC_484\Release\app.a(EN.o)
 .ARM.attributes
                0x0000024f       0x31 .\CortexM0\ARM_GCC_484\Release\app.a(UART.o)
 .ARM.attributes
                0x00000280       0x31 .\CortexM0\ARM_GCC_484\Release\app.a(UART_SPI_UART.o)
 .ARM.attributes
                0x000002b1       0x31 .\CortexM0\ARM_GCC_484\Release\app.a(UART_UART.o)
 .ARM.attributes
                0x000002e2       0x31 .\CortexM0\ARM_GCC_484\Release\app.a(Opamp.o)
 .ARM.attributes
                0x00000313       0x31 .\CortexM0\ARM_GCC_484\Release\app.a(Opamp_PM.o)
 .ARM.attributes
                0x00000344       0x31 .\CortexM0\ARM_GCC_484\Release\app.a(AMux.o)
 .ARM.attributes
                0x00000375       0x21 .\CortexM0\ARM_GCC_484\Release\app.a(CyBootAsmGnu.o)
 .ARM.attributes
                0x00000396       0x31 .\CortexM0\ARM_GCC_484\Release\app.a(CyLib.o)
 .ARM.attributes
                0x000003c7       0x1e c:/program files (x86)/cypress/psoc creator/3.1/psoc creator/import/gnu_cs/arm/4.8.4/bin/../lib/gcc/arm-none-eabi/4.8.4/armv6-m\libgcc.a(_thumb1_case_uqi.o)
 .ARM.attributes
                0x000003e5       0x1e c:/program files (x86)/cypress/psoc creator/3.1/psoc creator/import/gnu_cs/arm/4.8.4/bin/../lib/gcc/arm-none-eabi/4.8.4/armv6-m\libgcc.a(_udivsi3.o)
 .ARM.attributes
                0x00000403       0x1e c:/program files (x86)/cypress/psoc creator/3.1/psoc creator/import/gnu_cs/arm/4.8.4/bin/../lib/gcc/arm-none-eabi/4.8.4/armv6-m\libgcc.a(_divsi3.o)
 .ARM.attributes
                0x00000421       0x1e c:/program files (x86)/cypress/psoc creator/3.1/psoc creator/import/gnu_cs/arm/4.8.4/bin/../lib/gcc/arm-none-eabi/4.8.4/armv6-m\libgcc.a(_dvmd_tls.o)
 .ARM.attributes
                0x0000043f       0x1e c:/program files (x86)/cypress/psoc creator/3.1/psoc creator/import/gnu_cs/arm/4.8.4/bin/../lib/gcc/arm-none-eabi/4.8.4/armv6-m\libgcc.a(_aeabi_ldivmod.o)
 .ARM.attributes
                0x0000045d       0x2c c:/program files (x86)/cypress/psoc creator/3.1/psoc creator/import/gnu_cs/arm/4.8.4/bin/../lib/gcc/arm-none-eabi/4.8.4/armv6-m\libgcc.a(_muldi3.o)
 .ARM.attributes
                0x00000489       0x2c c:/program files (x86)/cypress/psoc creator/3.1/psoc creator/import/gnu_cs/arm/4.8.4/bin/../lib/gcc/arm-none-eabi/4.8.4/armv6-m\libgcc.a(bpabi.o)
 .ARM.attributes
                0x000004b5       0x2c c:/program files (x86)/cypress/psoc creator/3.1/psoc creator/import/gnu_cs/arm/4.8.4/bin/../lib/gcc/arm-none-eabi/4.8.4/armv6-m\libgcc.a(divsf3.o)
 .ARM.attributes
                0x000004e1       0x2c c:/program files (x86)/cypress/psoc creator/3.1/psoc creator/import/gnu_cs/arm/4.8.4/bin/../lib/gcc/arm-none-eabi/4.8.4/armv6-m\libgcc.a(mulsf3.o)
 .ARM.attributes
                0x0000050d       0x2c c:/program files (x86)/cypress/psoc creator/3.1/psoc creator/import/gnu_cs/arm/4.8.4/bin/../lib/gcc/arm-none-eabi/4.8.4/armv6-m\libgcc.a(floatsisf.o)
 .ARM.attributes
                0x00000539       0x1e c:/program files (x86)/cypress/psoc creator/3.1/psoc creator/import/gnu_cs/arm/4.8.4/bin/../lib/gcc/arm-none-eabi/4.8.4/armv6-m\libgcc.a(_clzsi2.o)
 .ARM.attributes
                0x00000557       0x2c c:/program files (x86)/cypress/psoc creator/3.1/psoc creator/import/gnu_cs/arm/4.8.4/bin/../lib/gcc/arm-none-eabi/4.8.4/armv6-m\libgcc.a(_divdi3.o)
 .ARM.attributes
                0x00000583       0x2c c:/program files (x86)/cypress/psoc creator/3.1/psoc creator/import/gnu_cs/arm/4.8.4/bin/../lib/gcc/arm-none-eabi/4.8.4/armv6-m\libgcc.a(_udivdi3.o)
 .ARM.attributes
                0x000005af       0x2c c:/program files (x86)/cypress/psoc creator/3.1/psoc creator/import/gnu_cs/arm/4.8.4/bin/../lib/gcc/arm-none-eabi/4.8.4/../../../../arm-none-eabi/lib/armv6-m\libg_s.a(lib_a-errno.o)
 .ARM.attributes
                0x000005db       0x2c c:/program files (x86)/cypress/psoc creator/3.1/psoc creator/import/gnu_cs/arm/4.8.4/bin/../lib/gcc/arm-none-eabi/4.8.4/../../../../arm-none-eabi/lib/armv6-m\libg_s.a(lib_a-exit.o)
 .ARM.attributes
                0x00000607       0x2c c:/program files (x86)/cypress/psoc creator/3.1/psoc creator/import/gnu_cs/arm/4.8.4/bin/../lib/gcc/arm-none-eabi/4.8.4/../../../../arm-none-eabi/lib/armv6-m\libg_s.a(lib_a-impure.o)
 .ARM.attributes
                0x00000633       0x2c c:/program files (x86)/cypress/psoc creator/3.1/psoc creator/import/gnu_cs/arm/4.8.4/bin/../lib/gcc/arm-none-eabi/4.8.4/../../../../arm-none-eabi/lib/armv6-m\libg_s.a(lib_a-init.o)
 .ARM.attributes
                0x0000065f       0x2c c:/program files (x86)/cypress/psoc creator/3.1/psoc creator/import/gnu_cs/arm/4.8.4/bin/../lib/gcc/arm-none-eabi/4.8.4/../../../../arm-none-eabi/lib/armv6-m\libg_s.a(lib_a-memset.o)
 .ARM.attributes
                0x0000068b       0x2c c:/program files (x86)/cypress/psoc creator/3.1/psoc creator/import/gnu_cs/arm/4.8.4/bin/../lib/gcc/arm-none-eabi/4.8.4/armv6-m/crtend.o
 .ARM.attributes
                0x000006b7       0x1e c:/program files (x86)/cypress/psoc creator/3.1/psoc creator/import/gnu_cs/arm/4.8.4/bin/../lib/gcc/arm-none-eabi/4.8.4/armv6-m/crtn.o

/DISCARD/
 *(.note.GNU-stack)
OUTPUT(.\CortexM0\ARM_GCC_484\Release\app.elf elf32-littlearm)
